[    0.000000] Linux version 4.15.0-212-generic (buildd@lcy02-amd64-083) (gcc version 7.5.0 (Ubuntu 7.5.0-3ubuntu1~18.04)) #223-Ubuntu SMP Tue May 23 13:09:22 UTC 2023 (Ubuntu 4.15.0-212.223-generic 4.15.18)
[    0.000000] Command line: BOOT_IMAGE=/boot/vmlinuz-4.15.0-212-generic root=LABEL=cloudimg-rootfs ro console=tty1 console=ttyS0
[    0.000000] KERNEL supported cpus:
[    0.000000]   Intel GenuineIntel
[    0.000000]   AMD AuthenticAMD
[    0.000000]   Centaur CentaurHauls
[    0.000000] x86/fpu: Supporting XSAVE feature 0x001: 'x87 floating point registers'
[    0.000000] x86/fpu: Supporting XSAVE feature 0x002: 'SSE registers'
[    0.000000] x86/fpu: Supporting XSAVE feature 0x004: 'AVX registers'
[    0.000000] x86/fpu: xstate_offset[2]:  576, xstate_sizes[2]:  256
[    0.000000] x86/fpu: Enabled xstate features 0x7, context size is 832 bytes, using 'standard' format.
[    0.000000] e820: BIOS-provided physical RAM map:
[    0.000000] BIOS-e820: [mem 0x0000000000000000-0x000000000009fbff] usable
[    0.000000] BIOS-e820: [mem 0x000000000009fc00-0x000000000009ffff] reserved
[    0.000000] BIOS-e820: [mem 0x00000000000f0000-0x00000000000fffff] reserved
[    0.000000] BIOS-e820: [mem 0x0000000000100000-0x000000003ffeffff] usable
[    0.000000] BIOS-e820: [mem 0x000000003fff0000-0x000000003fffffff] ACPI data
[    0.000000] BIOS-e820: [mem 0x00000000fec00000-0x00000000fec00fff] reserved
[    0.000000] BIOS-e820: [mem 0x00000000fee00000-0x00000000fee00fff] reserved
[    0.000000] BIOS-e820: [mem 0x00000000fffc0000-0x00000000ffffffff] reserved
[    0.000000] NX (Execute Disable) protection: active
[    0.000000] SMBIOS 2.5 present.
[    0.000000] DMI: innotek GmbH VirtualBox/VirtualBox, BIOS VirtualBox 12/01/2006
[    0.000000] Hypervisor detected: KVM
[    0.000000] e820: last_pfn = 0x3fff0 max_arch_pfn = 0x400000000
[    0.000000] x86/PAT: Configuration [0-7]: WB  WC  UC- UC  WB  WP  UC- WT  
[    0.000000] found SMP MP-table at [mem 0x0009fbf0-0x0009fbff]
[    0.000000] Scanning 1 areas for low memory corruption
[    0.000000] RAMDISK: [mem 0x359cb000-0x36cdcfff]
[    0.000000] ACPI: Early table checksum verification disabled
[    0.000000] ACPI: RSDP 0x00000000000E0000 000024 (v02 VBOX  )
[    0.000000] ACPI: XSDT 0x000000003FFF0030 00003C (v01 VBOX   VBOXXSDT 00000001 ASL  00000061)
[    0.000000] ACPI: FACP 0x000000003FFF00F0 0000F4 (v04 VBOX   VBOXFACP 00000001 ASL  00000061)
[    0.000000] ACPI: DSDT 0x000000003FFF0610 002353 (v02 VBOX   VBOXBIOS 00000002 INTL 20240927)
[    0.000000] ACPI: FACS 0x000000003FFF0200 000040
[    0.000000] ACPI: FACS 0x000000003FFF0200 000040
[    0.000000] ACPI: APIC 0x000000003FFF0240 00005C (v02 VBOX   VBOXAPIC 00000001 ASL  00000061)
[    0.000000] ACPI: SSDT 0x000000003FFF02A0 00036C (v01 VBOX   VBOXCPUT 00000002 INTL 20240927)
[    0.000000] ACPI: Reserving FACP table memory at [mem 0x3fff00f0-0x3fff01e3]
[    0.000000] ACPI: Reserving DSDT table memory at [mem 0x3fff0610-0x3fff2962]
[    0.000000] ACPI: Reserving FACS table memory at [mem 0x3fff0200-0x3fff023f]
[    0.000000] ACPI: Reserving FACS table memory at [mem 0x3fff0200-0x3fff023f]
[    0.000000] ACPI: Reserving APIC table memory at [mem 0x3fff0240-0x3fff029b]
[    0.000000] ACPI: Reserving SSDT table memory at [mem 0x3fff02a0-0x3fff060b]
[    0.000000] No NUMA configuration found
[    0.000000] Faking a node at [mem 0x0000000000000000-0x000000003ffeffff]
[    0.000000] NODE_DATA(0) allocated [mem 0x3ffc5000-0x3ffeffff]
[    0.000000] kvm-clock: cpu 0, msr 0:3ff44001, primary cpu clock
[    0.000000] kvm-clock: Using msrs 4b564d01 and 4b564d00
[    0.000000] kvm-clock: using sched offset of 2860751841 cycles
[    0.000000] clocksource: kvm-clock: mask: 0xffffffffffffffff max_cycles: 0x1cd42e4dffb, max_idle_ns: 881590591483 ns
[    0.000000] Zone ranges:
[    0.000000]   DMA      [mem 0x0000000000001000-0x0000000000ffffff]
[    0.000000]   DMA32    [mem 0x0000000001000000-0x000000003ffeffff]
[    0.000000]   Normal   empty
[    0.000000]   Device   empty
[    0.000000] Movable zone start for each node
[    0.000000] Early memory node ranges
[    0.000000]   node   0: [mem 0x0000000000001000-0x000000000009efff]
[    0.000000]   node   0: [mem 0x0000000000100000-0x000000003ffeffff]
[    0.000000] Reserved but unavailable: 104 pages
[    0.000000] Initmem setup node 0 [mem 0x0000000000001000-0x000000003ffeffff]
[    0.000000] ACPI: PM-Timer IO Port: 0x4008
[    0.000000] IOAPIC[0]: apic_id 2, version 32, address 0xfec00000, GSI 0-23
[    0.000000] ACPI: INT_SRC_OVR (bus 0 bus_irq 0 global_irq 2 dfl dfl)
[    0.000000] ACPI: INT_SRC_OVR (bus 0 bus_irq 9 global_irq 9 low level)
[    0.000000] Using ACPI (MADT) for SMP configuration information
[    0.000000] smpboot: Allowing 2 CPUs, 0 hotplug CPUs
[    0.000000] PM: Registered nosave memory: [mem 0x00000000-0x00000fff]
[    0.000000] PM: Registered nosave memory: [mem 0x0009f000-0x0009ffff]
[    0.000000] PM: Registered nosave memory: [mem 0x000a0000-0x000effff]
[    0.000000] PM: Registered nosave memory: [mem 0x000f0000-0x000fffff]
[    0.000000] e820: [mem 0x40000000-0xfebfffff] available for PCI devices
[    0.000000] Booting paravirtualized kernel on KVM
[    0.000000] clocksource: refined-jiffies: mask: 0xffffffff max_cycles: 0xffffffff, max_idle_ns: 7645519600211568 ns
[    0.000000] setup_percpu: NR_CPUS:8192 nr_cpumask_bits:2 nr_cpu_ids:2 nr_node_ids:1
[    0.000000] percpu: Embedded 50 pages/cpu s167936 r8192 d28672 u1048576
[    0.000000] PV qspinlock hash table entries: 256 (order: 0, 4096 bytes)
[    0.000000] Built 1 zonelists, mobility grouping on.  Total pages: 257913
[    0.000000] Policy zone: DMA32
[    0.000000] Kernel command line: BOOT_IMAGE=/boot/vmlinuz-4.15.0-212-generic root=LABEL=cloudimg-rootfs ro console=tty1 console=ttyS0
[    0.000000] Memory: 982644K/1048120K available (12300K kernel code, 2477K rwdata, 4324K rodata, 2480K init, 2720K bss, 65476K reserved, 0K cma-reserved)
[    0.000000] SLUB: HWalign=64, Order=0-3, MinObjects=0, CPUs=2, Nodes=1
[    0.000000] Kernel/User page tables isolation: enabled
[    0.000000] ftrace: allocating 39508 entries in 155 pages
[    0.004000] Hierarchical RCU implementation.
[    0.004000] 	RCU restricting CPUs from NR_CPUS=8192 to nr_cpu_ids=2.
[    0.004000] 	Tasks RCU enabled.
[    0.004000] RCU: Adjusting geometry for rcu_fanout_leaf=16, nr_cpu_ids=2
[    0.004000] NR_IRQS: 524544, nr_irqs: 440, preallocated irqs: 16
[    0.004000] random: crng init done
[    0.004000] Console: colour VGA+ 80x25
[    0.004000] console [tty1] enabled
[    0.004000] console [ttyS0] enabled
[    0.004000] ACPI: Core revision 20170831
[    0.004000] ACPI: 2 ACPI AML tables successfully acquired and loaded
[    0.004000] APIC: Switch to symmetric I/O mode setup
[    0.004000] x2apic enabled
[    0.004000] Switched APIC routing to physical x2apic.
[    0.004000] ..TIMER: vector=0x30 apic1=0 pin1=2 apic2=-1 pin2=-1
[    0.004000] tsc: Detected 2687.998 MHz processor
[    0.004000] Calibrating delay loop (skipped) preset value.. 5375.99 BogoMIPS (lpj=10751992)
[    0.004000] pid_max: default: 32768 minimum: 301
[    0.004000] Security Framework initialized
[    0.004000] Yama: becoming mindful.
[    0.004000] AppArmor: AppArmor initialized
[    0.004033] Dentry cache hash table entries: 131072 (order: 8, 1048576 bytes)
[    0.008043] Inode-cache hash table entries: 65536 (order: 7, 524288 bytes)
[    0.008726] Mount-cache hash table entries: 2048 (order: 2, 16384 bytes)
[    0.009361] Mountpoint-cache hash table entries: 2048 (order: 2, 16384 bytes)
[    0.010292] Last level iTLB entries: 4KB 0, 2MB 0, 4MB 0
[    0.010822] Last level dTLB entries: 4KB 0, 2MB 0, 4MB 0, 1GB 0
[    0.011394] Spectre V1 : Mitigation: usercopy/swapgs barriers and __user pointer sanitization
[    0.012002] Spectre V2 : Mitigation: Retpolines
[    0.012498] Spectre V2 : Spectre v2 / SpectreRSB mitigation: Filling RSB on context switch
[    0.013293] Spectre V2 : Spectre v2 / SpectreRSB : Filling RSB on VMEXIT
[    0.013972] Speculative Store Bypass: Vulnerable
[    0.014475] MDS: Mitigation: Clear CPU buffers
[    0.015040] Freeing SMP alternatives memory: 36K
[    0.125303] smpboot: CPU0: 12th Gen Intel(R) Core(TM) i7-12700H (family: 0x6, model: 0x9a, stepping: 0x3)
[    0.126467] Performance Events: unsupported p6 CPU model 154 no PMU driver, software events only.
[    0.127392] Hierarchical SRCU implementation.
[    0.127983] NMI watchdog: Perf event create on CPU 0 failed with -2
[    0.128000] NMI watchdog: Perf NMI watchdog permanently disabled
[    0.128000] smp: Bringing up secondary CPUs ...
[    0.128060] x86: Booting SMP configuration:
[    0.128489] .... node  #0, CPUs:      #1
[    0.004000] kvm-clock: cpu 1, msr 0:3ff44041, secondary cpu clock
[    0.132017] smp: Brought up 1 node, 2 CPUs
[    0.132454] smpboot: Max logical packages: 1
[    0.132880] smpboot: Total of 2 processors activated (10751.99 BogoMIPS)
[    0.133697] devtmpfs: initialized
[    0.133697] x86/mm: Memory block size: 128MB
[    0.133697] evm: security.selinux
[    0.133697] evm: security.SMACK64
[    0.136003] evm: security.SMACK64EXEC
[    0.136378] evm: security.SMACK64TRANSMUTE
[    0.136801] evm: security.SMACK64MMAP
[    0.137177] evm: security.apparmor
[    0.137540] evm: security.ima
[    0.137858] evm: security.capability
[    0.138250] clocksource: jiffies: mask: 0xffffffff max_cycles: 0xffffffff, max_idle_ns: 7645041785100000 ns
[    0.138250] futex hash table entries: 512 (order: 3, 32768 bytes)
[    0.138250] pinctrl core: initialized pinctrl subsystem
[    0.140397] RTC time: 18:16:38, date: 05/31/25
[    0.140994] NET: Registered protocol family 16
[    0.141477] audit: initializing netlink subsys (disabled)
[    0.142016] audit: type=2000 audit(1748715402.721:1): state=initialized audit_enabled=0 res=1
[    0.144005] cpuidle: using governor ladder
[    0.144459] cpuidle: using governor menu
[    0.144867] ACPI: bus type PCI registered
[    0.145279] acpiphp: ACPI Hot Plug PCI Controller Driver version: 0.5
[    0.145936] PCI: Using configuration type 1 for base access
[    0.146491] HugeTLB registered 2.00 MiB page size, pre-allocated 0 pages
[    0.146491] ACPI: Added _OSI(Module Device)
[    0.148002] ACPI: Added _OSI(Processor Device)
[    0.148474] ACPI: Added _OSI(3.0 _SCP Extensions)
[    0.148971] ACPI: Added _OSI(Processor Aggregator Device)
[    0.149532] ACPI: Added _OSI(Linux-Dell-Video)
[    0.150003] ACPI: Added _OSI(Linux-Lenovo-NV-HDMI-Audio)
[    0.150554] ACPI: Added _OSI(Linux-HPI-Hybrid-Graphics)
[    0.151225] ACPI: Executed 1 blocks of module-level executable AML code
[    0.153648] ACPI: Interpreter enabled
[    0.154126] ACPI: (supports S0 S5)
[    0.154483] ACPI: Using IOAPIC for interrupt routing
[    0.155101] PCI: Using host bridge windows from ACPI; if necessary, use "pci=nocrs" and report a bug
[    0.156093] ACPI: Enabled 2 GPEs in block 00 to 07
[    0.159382] ACPI: PCI Root Bridge [PCI0] (domain 0000 [bus 00-ff])
[    0.160003] acpi PNP0A03:00: _OSC: OS supports [ASPM ClockPM Segments MSI]
[    0.160883] acpi PNP0A03:00: _OSC: not requesting OS control; OS requires [ExtendedConfig ASPM ClockPM MSI]
[    0.161840] acpi PNP0A03:00: fail to add MMCONFIG information, can't access extended PCI configuration space under this bridge.
[    0.163088] PCI host bridge to bus 0000:00
[    0.163536] pci_bus 0000:00: root bus resource [io  0x0000-0x0cf7 window]
[    0.164001] pci_bus 0000:00: root bus resource [io  0x0d00-0xffff window]
[    0.164652] pci_bus 0000:00: root bus resource [mem 0x000a0000-0x000bffff window]
[    0.165376] pci_bus 0000:00: root bus resource [mem 0x40000000-0xfdffffff window]
[    0.166115] pci_bus 0000:00: root bus resource [bus 00-ff]
[    0.167613] pci 0000:00:01.1: legacy IDE quirk: reg 0x10: [io  0x01f0-0x01f7]
[    0.168001] pci 0000:00:01.1: legacy IDE quirk: reg 0x14: [io  0x03f6]
[    0.168662] pci 0000:00:01.1: legacy IDE quirk: reg 0x18: [io  0x0170-0x0177]
[    0.169331] pci 0000:00:01.1: legacy IDE quirk: reg 0x1c: [io  0x0376]
[    0.177644] pci 0000:00:07.0: quirk: [io  0x4000-0x403f] claimed by PIIX4 ACPI
[    0.178430] pci 0000:00:07.0: quirk: [io  0x4100-0x410f] claimed by PIIX4 SMB
[    0.183155] ACPI: PCI Interrupt Link [LNKA] (IRQs 5 9 10 *11)
[    0.184106] ACPI: PCI Interrupt Link [LNKB] (IRQs 5 9 *10 11)
[    0.184744] ACPI: PCI Interrupt Link [LNKC] (IRQs 5 *9 10 11)
[    0.185352] ACPI: PCI Interrupt Link [LNKD] (IRQs 5 9 10 *11)
[    0.186145] SCSI subsystem initialized
[    0.186608] pci 0000:00:02.0: vgaarb: setting as boot VGA device
[    0.186608] pci 0000:00:02.0: vgaarb: VGA device added: decodes=io+mem,owns=io+mem,locks=none
[    0.188005] pci 0000:00:02.0: vgaarb: bridge control possible
[    0.188623] vgaarb: loaded
[    0.188954] ACPI: bus type USB registered
[    0.189396] usbcore: registered new interface driver usbfs
[    0.189937] usbcore: registered new interface driver hub
[    0.190452] usbcore: registered new device driver usb
[    0.191004] EDAC MC: Ver: 3.0.0
[    0.191004] PCI: Using ACPI for IRQ routing
[    0.192170] NetLabel: Initializing
[    0.192551] NetLabel:  domain hash size = 128
[    0.193009] NetLabel:  protocols = UNLABELED CIPSOv4 CALIPSO
[    0.193596] NetLabel:  unlabeled traffic allowed by default
[    0.194175] clocksource: Switched to clocksource kvm-clock
[    0.198479] VFS: Disk quotas dquot_6.6.0
[    0.198954] VFS: Dquot-cache hash table entries: 512 (order 0, 4096 bytes)
[    0.199728] AppArmor: AppArmor Filesystem Enabled
[    0.200032] pnp: PnP ACPI init
[    0.200032] pnp: PnP ACPI: found 3 devices
[    0.207551] clocksource: acpi_pm: mask: 0xffffff max_cycles: 0xffffff, max_idle_ns: 2085701024 ns
[    0.208053] NET: Registered protocol family 2
[    0.208053] IP idents hash table entries: 16384 (order: 5, 131072 bytes)
[    0.210289] TCP established hash table entries: 8192 (order: 4, 65536 bytes)
[    0.211054] TCP bind hash table entries: 8192 (order: 5, 131072 bytes)
[    0.211782] TCP: Hash tables configured (established 8192 bind 8192)
[    0.212447] UDP hash table entries: 512 (order: 2, 16384 bytes)
[    0.213075] UDP-Lite hash table entries: 512 (order: 2, 16384 bytes)
[    0.213762] NET: Registered protocol family 1
[    0.214237] pci 0000:00:00.0: Limiting direct PCI/PCI transfers
[    0.214242] pci 0000:00:01.0: Activating ISA DMA hang workarounds
[    0.214242] pci 0000:00:02.0: Video device with shadowed ROM at [mem 0x000c0000-0x000dffff]
[    0.214242] Unpacking initramfs...
[    0.214242] Freeing initrd memory: 19528K
[    0.214242] clocksource: tsc: mask: 0xffffffffffffffff max_cycles: 0x26bef4a354e, max_idle_ns: 440795213564 ns
[    0.214242] platform rtc_cmos: registered platform RTC device (no PNP device found)
[    0.214242] Scanning for low memory corruption every 60 seconds
[    0.416566] Initialise system trusted keyrings
[    0.417092] Key type blacklist registered
[    0.417529] workingset: timestamp_bits=36 max_order=18 bucket_order=0
[    0.418519] zbud: loaded
[    0.419250] squashfs: version 4.0 (2009/01/31) Phillip Lougher
[    0.420076] fuse init (API version 7.26)
[    0.421469] Key type asymmetric registered
[    0.421962] Asymmetric key parser 'x509' registered
[    0.422488] Block layer SCSI generic (bsg) driver version 0.4 loaded (major 246)
[    0.423272] io scheduler noop registered
[    0.423709] io scheduler deadline registered
[    0.424193] io scheduler cfq registered (default)
[    0.425013] ACPI: AC Adapter [AC] (on-line)
[    0.425521] input: Power Button as /devices/LNXSYSTM:00/LNXPWRBN:00/input/input0
[    0.426360] ACPI: Power Button [PWRF]
[    0.426842] input: Sleep Button as /devices/LNXSYSTM:00/LNXSLPBN:00/input/input1
[    0.427595] ACPI: Sleep Button [SLPF]
[    0.428534] ACPI: Battery Slot [BAT0] (battery present)
[    0.429096] Serial: 8250/16550 driver, 32 ports, IRQ sharing enabled
[    0.450162] 00:02: ttyS0 at I/O 0x3f8 (irq = 4, base_baud = 115200) is a 16550A
[    0.452214] Linux agpgart interface v0.103
[    0.453726] loop: module loaded
[    0.454460] scsi host0: ata_piix
[    0.454992] scsi host1: ata_piix
[    0.455395] ata1: PATA max UDMA/33 cmd 0x1f0 ctl 0x3f6 bmdma 0xd000 irq 14
[    0.456117] ata2: PATA max UDMA/33 cmd 0x170 ctl 0x376 bmdma 0xd008 irq 15
[    0.456853] tun: Universal TUN/TAP device driver, 1.6
[    0.457503] PPP generic driver version 2.4.2
[    0.458048] ehci_hcd: USB 2.0 'Enhanced' Host Controller (EHCI) Driver
[    0.458705] ehci-pci: EHCI PCI platform driver
[    0.459182] ehci-platform: EHCI generic platform driver
[    0.459729] ohci_hcd: USB 1.1 'Open' Host Controller (OHCI) Driver
[    0.460364] ohci-pci: OHCI PCI platform driver
[    0.460834] ohci-platform: OHCI generic platform driver
[    0.461375] uhci_hcd: USB Universal Host Controller Interface driver
[    0.462034] i8042: PNP: PS/2 Controller [PNP0303:PS2K,PNP0f03:PS2M] at 0x60,0x64 irq 1,12
[    0.463243] serio: i8042 KBD port at 0x60,0x64 irq 1
[    0.463791] serio: i8042 AUX port at 0x60,0x64 irq 12
[    0.464432] mousedev: PS/2 mouse device common for all mice
[    0.465340] input: AT Translated Set 2 keyboard as /devices/platform/i8042/serio0/input/input2
[    0.466374] rtc_cmos rtc_cmos: rtc core: registered rtc_cmos as rtc0
[    0.467102] rtc_cmos rtc_cmos: alarms up to one day, 114 bytes nvram
[    0.467767] i2c /dev entries driver
[    0.468193] device-mapper: uevent: version 1.0.3
[    0.468761] device-mapper: ioctl: 4.37.0-ioctl (2017-09-20) initialised: dm-devel@redhat.com
[    0.469696] ledtrig-cpu: registered to indicate activity on CPUs
[    0.470528] NET: Registered protocol family 10
[    0.473151] Segment Routing with IPv6
[    0.473603] NET: Registered protocol family 17
[    0.474150] Key type dns_resolver registered
[    0.474708] mce: Using 0 MCE banks
[    0.475124] RAS: Correctable Errors collector initialized.
[    0.475698] sched_clock: Marking stable (474692853, 0)->(567462431, -92769578)
[    0.476691] registered taskstats version 1
[    0.477174] Loading compiled-in X.509 certificates
[    0.478867] Loaded X.509 cert 'Build time autogenerated kernel key: b5b26778eaa3ab3a4a6cee031137706e947d12ad'
[    0.480281] Loaded X.509 cert 'Canonical Ltd. Live Patch Signing: 14df34d1a87cf37625abec039ef2bf521249b969'
[    0.481551] Loaded X.509 cert 'Canonical Ltd. Kernel Module Signing: 88f752e560a1e0737e31163a466ad7b70a850c19'
[    0.482592] blacklist: Loading compiled-in revocation X.509 certificates
[    0.483307] Loaded X.509 cert 'Canonical Ltd. Secure Boot Signing: 61482aa2830d0ab2ad5af10b7250da9033ddcef0'
[    0.484332] Loaded X.509 cert 'Canonical Ltd. Secure Boot Signing (2017): 242ade75ac4a15e50d50c84b0d45ff3eae707a03'
[    0.485395] Loaded X.509 cert 'Canonical Ltd. Secure Boot Signing (ESM 2018): 365188c1d374d6b07c3c8f240f8ef722433d6a8b'
[    0.486513] Loaded X.509 cert 'Canonical Ltd. Secure Boot Signing (2019): c0746fd6c5da3ae827864651ad66ae47fe24b3e8'
[    0.487609] Loaded X.509 cert 'Canonical Ltd. Secure Boot Signing (2021 v1): a8d54bbb3825cfb94fa13c9f8a594a195c107b8d'
[    0.488720] Loaded X.509 cert 'Canonical Ltd. Secure Boot Signing (2021 v2): 4cf046892d6fd3c9a5b03f98d845f90851dc6a8c'
[    0.489834] Loaded X.509 cert 'Canonical Ltd. Secure Boot Signing (2021 v3): 100437bb6de6e469b581e61cd66bce3ef4ed53af'
[    0.490956] Loaded X.509 cert 'Canonical Ltd. Secure Boot Signing (Ubuntu Core 2019): c1d57b8f6b743f23ee41f4f7ee292f06eecadfb9'
[    0.492147] zswap: loaded using pool lzo/zbud
[    0.494465] Key type big_key registered
[    0.494938] Key type trusted registered
[    0.496772] Key type encrypted registered
[    0.497263] AppArmor: AppArmor sha1 policy hashing enabled
[    0.497824] ima: No TPM chip found, activating TPM-bypass! (rc=-19)
[    0.498464] ima: Allocated hash algorithm: sha1
[    0.498941] evm: HMAC attrs: 0x1
[    0.499472]   Magic number: 9:952:292
[    0.500101] tty tty25: hash matches
[    0.500653] rtc_cmos rtc_cmos: setting system clock to 2025-05-31 18:16:38 UTC (1748715398)
[    0.501755] BIOS EDD facility v0.16 2004-Jun-25, 0 devices found
[    0.502463] EDD information not available.
[    0.642262] Freeing unused kernel image memory: 2480K
[    0.948373] Write protecting the kernel read-only data: 20480k
[    0.954573] Freeing unused kernel image memory: 2008K
[    0.956935] Freeing unused kernel image memory: 1820K
[    0.962292] x86/mm: Checked W+X mappings: passed, no W+X pages found.
[    0.962957] x86/mm: Checking user space page tables
[    0.966423] x86/mm: Checked W+X mappings: passed, no W+X pages found.
Loading, please wait...
starting version 237
[    1.002842] e1000: Intel(R) PRO/1000 Network Driver - version 7.3.21-k8-NAPI
[    1.003775] e1000: Copyright (c) 1999-2006 Intel Corporation.
[    1.006555] Fusion MPT base driver 3.04.20
[    1.007455] Copyright (c) 1999-2008 LSI Corporation
[    1.012142] Fusion MPT SPI Host driver 3.04.20
[    1.020365] AVX2 version of gcm_enc/dec engaged.
[    1.020906] AES CTR mode by8 optimization enabled
[    1.217029] input: ImExPS/2 Generic Explorer Mouse as /devices/platform/i8042/serio1/input/input4
[    1.359214] e1000 0000:00:03.0 eth0: (PCI:33MHz:32-bit) 02:3b:7b:b7:3b:2d
[    1.359990] e1000 0000:00:03.0 eth0: Intel(R) PRO/1000 Network Connection
[    1.361424] mptbase: ioc0: Initiating bringup
[    1.468491] ioc0: LSI53C1030 A0: Capabilities={Initiator}
[    1.712288] scsi host2: ioc0: LSI53C1030 A0, FwRev=00000000h, Ports=1, MaxQ=256, IRQ=20
[    1.881960] scsi 2:0:0:0: Direct-Access     VBOX     HARDDISK         1.0  PQ: 0 ANSI: 5
[    2.028154] scsi target2:0:0: Beginning Domain Validation
[    2.029455] scsi target2:0:0: Domain Validation skipping write tests
[    2.030141] scsi target2:0:0: Ending Domain Validation
[    2.031178] scsi target2:0:0: asynchronous
[    2.031798] scsi 2:0:1:0: Direct-Access     VBOX     HARDDISK         1.0  PQ: 0 ANSI: 5
[    2.238262] scsi target2:0:1: Beginning Domain Validation
[    2.244971] scsi target2:0:1: Domain Validation skipping write tests
[    2.246283] scsi target2:0:1: Ending Domain Validation
[    2.247164] scsi target2:0:1: asynchronous
[    2.251114] sd 2:0:0:0: Attached scsi generic sg0 type 0
[    2.251839] sd 2:0:1:0: Attached scsi generic sg1 type 0
[    2.252392] e1000 0000:00:08.0 eth1: (PCI:33MHz:32-bit) 08:00:27:47:a0:d6
[    2.253126] e1000 0000:00:08.0 eth1: Intel(R) PRO/1000 Network Connection
[    2.253979] sd 2:0:0:0: [sda] 83886080 512-byte logical blocks: (42.9 GB/40.0 GiB)
[    2.254807] sd 2:0:1:0: [sdb] 20480 512-byte logical blocks: (10.5 MB/10.0 MiB)
[    2.255632] sd 2:0:0:0: [sda] Write Protect is off
[    2.256223] sd 2:0:1:0: [sdb] Write Protect is off
[    2.256888] sd 2:0:0:0: [sda] Incomplete mode parameter data
[    2.257531] sd 2:0:0:0: [sda] Assuming drive cache: write through
[    2.258218] sd 2:0:1:0: [sdb] Incomplete mode parameter data
[    2.258790] sd 2:0:1:0: [sdb] Assuming drive cache: write through
[    2.260135]  sda: sda1
[    2.260739] sd 2:0:0:0: [sda] Attached SCSI disk
[    2.261354] sd 2:0:1:0: [sdb] Attached SCSI disk
[    2.262449] e1000 0000:00:08.0 enp0s8: renamed from eth1
[    2.276121] e1000 0000:00:03.0 enp0s3: renamed from eth0
Begin: Loading essential drivers ... [    3.635793] raid6: sse2x1   gen() 23562 MB/s
[    3.694224] raid6: sse2x1   xor() 17540 MB/s
[    3.751776] raid6: sse2x2   gen() 33323 MB/s
[    3.815791] raid6: sse2x2   xor() 22066 MB/s
[    3.871848] raid6: sse2x4   gen() 33349 MB/s
[    3.920197] raid6: sse2x4   xor() 13942 MB/s
[    3.975873] raid6: avx2x1   gen() 40272 MB/s
[    4.035788] raid6: avx2x1   xor() 33541 MB/s
[    4.087805] raid6: avx2x2   gen() 40068 MB/s
[    4.143922] raid6: avx2x2   xor() 34537 MB/s
[    4.199923] raid6: avx2x4   gen() 44130 MB/s
[    4.255737] raid6: avx2x4   xor() 17066 MB/s
[    4.256279] raid6: using algorithm avx2x4 gen() 44130 MB/s
[    4.256847] raid6: .... xor() 17066 MB/s, rmw enabled
[    4.257386] raid6: using avx2x2 recovery algorithm
[    4.258817] xor: automatically using best checksumming function   avx       
[    4.260272] async_tx: api initialized (async)
done.
Begin: Running /scripts/init-premount ... done.
Begin: Mounting root file system ... Begin: Running /scripts/local-top ... done.
Begin: Running /scripts/local-premount ... [    4.285869] Btrfs loaded, crc32c=crc32c-intel
Scanning for Btrfs filesystems
done.
Warning: fsck not present, so skipping root file system
[    4.296810] EXT4-fs (sda1): mounted filesystem with ordered data mode. Opts: (null)
done.
Begin: Running /scripts/local-bottom ... done.
Begin: Running /scripts/init-bottom ... done.
[    4.409655] ip_tables: (C) 2000-2006 Netfilter Core Team
[    4.413581] systemd[1]: systemd 237 running in system mode. (+PAM +AUDIT +SELINUX +IMA +APPARMOR +SMACK +SYSVINIT +UTMP +LIBCRYPTSETUP +GCRYPT +GNUTLS +ACL +XZ +LZ4 +SECCOMP +BLKID +ELFUTILS +KMOD -IDN2 +IDN -PCRE2 default-hierarchy=hybrid)
[    4.415723] systemd[1]: Detected virtualization oracle.
[    4.416316] systemd[1]: Detected architecture x86-64.

Welcome to [1mUbuntu 18.04.6 LTS[0m!

[    4.419328] systemd[1]: Set hostname to <ubuntu>.
[    4.420521] systemd[1]: Initializing machine ID from random generator.
[    4.421238] systemd[1]: Installed transient /etc/machine-id file.
[    4.512223] systemd[1]: Reached target Mounting snaps.
[[0;32m  OK  [0m] Reached target Mounting snaps.
[    4.513474] systemd[1]: Reached target User and Group Name Lookups.
[[0;32m  OK  [0m] Reached target User and Group Name Lookups.
[    4.514539] systemd[1]: Reached target Swap.
[[0;32m  OK  [0m] Reached target Swap.
[    4.516127] systemd[1]: Created slice System Slice.
[[0;32m  OK  [0m] Created slice System Slice.
[[0;32m  OK  [0m] Listening on Journal Audit Socket.
[[0;32m  OK  [0m] Created slice system-serial\x2dgetty.slice.
[[0;32m  OK  [0m] Listening on fsck to fsckd communication Socket.
[[0;32m  OK  [0m] Listening on /dev/initctl Compatibility Named Pipe.
[[0;32m  OK  [0m] Listening on Journal Socket (/dev/log).
[[0;32m  OK  [0m] Listening on LVM2 poll daemon socket.
[[0;32m  OK  [0m] Listening on LVM2 metadata daemon socket.
[[0;32m  OK  [0m] Listening on Network Service Netlink Socket.
[[0;32m  OK  [0m] Listening on Journal Socket.
         Starting Uncomplicated firewall...
         Mounting Huge Pages File System...
         Starting Set the console keyboard layout...
[[0;32m  OK  [0m] Listening on Device-mapper event daemon FIFOs.
         Starting Monitoring of LVM2 mirrorsâ€¦ng dmeventd or progress polling...
[[0;32m  OK  [0m] Listening on udev Kernel Socket.
         Mounting POSIX Message Queue File System...
         Starting Load Kernel Modules...
[[0;32m  OK  [0m] Started Forward Password Requests to Wall Directory Watch.
         Starting Create list of required stâ€¦ce nodes for the current kernel...
[[0;32m  OK  [0m] Reached target System Time Synchronized.
[[0;32m  OK  [0m] Listening on Syslog Socket.
         [    5.349373] Loading iSCSI transport class v2.0-870.
Starting Journal Service...
[[0;32m  OK  [0m] Created slice User and Session Slice.
[[0;32m  OK  [0m] Reached target Slices.
[[0;32m  OK  [0m] Listening on udev Control Socket.
         Starting udev Coldplug all Devices...
         Starting File System Check on Root Device...
[[0;32m  OK  [0m] [    5.353452] iscsi: registered transport (tcp)
Reached target Mounted snaps.
         Mounting Kernel Debug File System...
[[0;32m  OK  [0m] Set up automount Arbitrary Executabâ€¦rmats File System Automount Point.
[[0;32m  OK  [0m] Started Uncomplicated firewall.
[[0;32m  OK  [0m] Mounted Huge Pages File System.
[[0;32m  OK  [0m] Mounted POSIX Message Queue File System.
[[0;32m  OK  [0m] Started Create list of required staâ€¦vice nodes for the current kernel.
[[0;32m  OK  [0m] Mounted Kernel Debug File System.
[[0;32m  OK  [0m] Started File System Check Daemon to report status.
[[0;32m  OK  [0m] Started LVM2 metadata daemon.
         Starting Create Static Device Nodes in /dev...
[[0;32m  OK  [0m] Started Journal Service.
[    5.410699] iscsi: registered transport (iser)
[[0;32m  OK  [0m] Started Load Kernel Modules.
         Mounting Kernel Configuration File System...
         Starting Apply Kernel Variables...
         Mounting FUSE Control File System...
[[0;32m  OK  [0m] Started udev Coldplug all Devices.
[[0;32m  OK  [0m] Mounted Kernel Configuration File System.
[[0;32m  OK  [0m] Mounted FUSE Control File System.
[[0;32m  OK  [0m] Started Create Static Device Nodes in /dev.
[[0;32m  OK  [0m] Started File System Check on Root Device.
         Starting Remount Root and Kernel File Systems...
[[0;32m  OK  [0m] Started Monitoring of LVM2 mirrors,â€¦sing dmeventd or progress polling.
[[0;32m  OK  [0m] Started Apply Kernel Variables.
[[0;32m  OK  [0m] Started Remount Root and Kernel File Systems.
         Starting udev Kernel Device Manager...
         Starting Flush Journal to Persistent Storage...
         Starting Load/Save Random Seed...
[[0;32m  OK  [0m] Started Load/Save Random Seed.
[[0;32m  OK  [0m] Started udev Kernel Device Manager.
[[0;32m  OK  [0m] Started Flush Journal to Persistent Storage.
[[0;32m  OK  [0m] Found device /dev/ttyS0.
[[0;32m  OK  [0m] Listening on Load/Save RF Kill Switch Status /dev/rfkill Watch.
         Mounting Arbitrary Executable File Formats File System...
[[0;32m  OK  [0m] Mounted Arbitrary Executable File Formats File System.
[[0;32m  OK  [0m] Started Set the console keyboard layout.
[[0;32m  OK  [0m] Reached target Local File Systems (Pre).
[[0;32m  OK  [0m] Reached target Local File Systems.
         Starting Create Volatile Files and Directories...
         Starting Tell Plymouth To Write Out Runtime Data...
         Starting Commit a transient machine-id on disk...
         Starting Set console font and keymap...
         Starting AppArmor initialization...
         Starting ebtables ruleset management...
[[0;32m  OK  [0m] Started Dispatch Password Requests to Console Directory Watch.
[[0;32m  OK  [0m] Reached target Local Encrypted Volumes.
[[0;32m  OK  [0m] Started Tell Plymouth To Write Out Runtime Data.
[[0;32m  OK  [0m] Started Create Volatile Files and Directories.
         Starting Update UTMP about System Boot/Shutdown...
[[0;32m  OK  [0m] Started Update UTMP about System Boot/Shutdown.
[[0;32m  OK  [0m] Started Commit a transient machine-id on disk.
[[0;32m  OK  [0m] Started ebtables ruleset management.
[[0;32m  OK  [0m] Started AppArmor initialization.
         Starting Initial cloud-init job (pre-networking)...
         Starting Load AppArmor profiles managed internally by snapd...
[[0;32m  OK  [0m] Started Load AppArmor profiles managed internally by snapd.
[    7.282459] cloud-init[728]: Cloud-init v. 23.1.2-0ubuntu0~18.04.1 running 'init-local' at Sat, 31 May 2025 18:16:45 +0000. Up 7.10 seconds.
[[0;32m  OK  [0m] Started Initial cloud-init job (pre-networking).
[[0;32m  OK  [0m] Started Set console font and keymap.
[[0;32m  OK  [0m] Reached target Network (Pre).
         Starting Network Service...
[[0;32m  OK  [0m] Started Network Service.
         Starting Network Name Resolution...
         Starting Wait for Network to be Configured...
[[0;32m  OK  [0m] Started Network Name Resolution.
[[0;32m  OK  [0m] Reached target Network.
[[0;32m  OK  [0m] Reached target Host and Network Name Lookups.
[[0;32m  OK  [0m] Started Wait for Network to be Configured.
         Starting Initial cloud-init job (metadata service crawler)...
[    9.462583] cloud-init[1025]: Cloud-init v. 23.1.2-0ubuntu0~18.04.1 running 'init' at Sat, 31 May 2025 18:16:47 +0000. Up 9.39 seconds.
[    9.463962] cloud-init[1025]: ci-info: ++++++++++++++++++++++++++++++++++++++++++++Net device info++++++++++++++++++++++++++++++++++++++++++++
[    9.464612] cloud-init[1025]: ci-info: +--------+-------+---------------------------------------+---------------+--------+-------------------+
[    9.465248] cloud-init[1025]: ci-info: | Device |   Up  |                Address                |      Mask     | Scope  |     Hw-Address    |
[    9.465894] cloud-init[1025]: ci-info: +--------+-------+---------------------------------------+---------------+--------+-------------------+
[    9.466477] cloud-init[1025]: ci-info: | enp0s3 |  True |               10.0.2.15               | 255.255.255.0 | global | 02:3b:7b:b7:3b:2d |
[    9.467087] cloud-init[1025]: ci-info: | enp0s3 |  True | fd17:625c:f037:2:3b:7bff:feb7:3b2d/64 |       .       | global | 02:3b:7b:b7:3b:2d |
[    9.467693] cloud-init[1025]: ci-info: | enp0s3 |  True |       fe80::3b:7bff:feb7:3b2d/64      |       .       |  link  | 02:3b:7b:b7:3b:2d |
[    9.468340] cloud-init[1025]: ci-info: | enp0s8 | False |                   .                   |       .       |   .    | 08:00:27:47:a0:d6 |
[    9.468953] cloud-init[1025]: ci-info: |   lo   |  True |               127.0.0.1               |   255.0.0.0   |  host  |         .         |
[    9.469575] cloud-init[1025]: ci-info: |   lo   |  True |                ::1/128                |       .       |  host  |         .         |
[    9.470193] cloud-init[1025]: ci-info: +--------+-------+---------------------------------------+---------------+--------+-------------------+
[    9.471092] cloud-init[1025]: ci-info: ++++++++++++++++++++++++++++Route IPv4 info+++++++++++++++++++++++++++++
[    9.471668] cloud-init[1025]: ci-info: +-------+-------------+----------+-----------------+-----------+-------+
[    9.472350] cloud-init[1025]: ci-info: | Route | Destination | Gateway  |     Genmask     | Interface | Flags |
[    9.473023] cloud-init[1025]: ci-info: +-------+-------------+----------+-----------------+-----------+-------+
[    9.473685] cloud-init[1025]: ci-info: |   0   |   0.0.0.0   | 10.0.2.2 |     0.0.0.0     |   enp0s3  |   UG  |
[    9.475159] cloud-init[1025]: ci-info: |   1   |   10.0.2.0  | 0.0.0.0  |  255.255.255.0  |   enp0s3  |   U   |
[    9.475812] cloud-init[1025]: ci-info: |   2   |   10.0.2.2  | 0.0.0.0  | 255.255.255.255 |   enp0s3  |   UH  |
[    9.476518] cloud-init[1025]: ci-info: +-------+-------------+----------+-----------------+-----------+-------+
[    9.477211] cloud-init[1025]: ci-info: ++++++++++++++++++++++++Route IPv6 info++++++++++++++++++++++++
[    9.477738] cloud-init[1025]: ci-info: +-------+-----------------------+---------+-----------+-------+
[    9.478201] cloud-init[1025]: ci-info: | Route |      Destination      | Gateway | Interface | Flags |
[    9.478628] cloud-init[1025]: ci-info: +-------+-----------------------+---------+-----------+-------+
[    9.479094] cloud-init[1025]: ci-info: |   1   | fd17:625c:f037:2::/64 |    ::   |   enp0s3  |   U   |
[    9.479609] cloud-init[1025]: ci-info: |   2   |       fe80::/64       |    ::   |   enp0s3  |   U   |
[    9.480096] cloud-init[1025]: ci-info: |   3   |          ::/0         | fe80::2 |   enp0s3  |   UG  |
[    9.480554] cloud-init[1025]: ci-info: |   5   |         local         |    ::   |   enp0s3  |   U   |
[    9.481068] cloud-init[1025]: ci-info: |   6   |        ff00::/8       |    ::   |   enp0s3  |   U   |
[    9.481543] cloud-init[1025]: ci-info: +-------+-----------------------+---------+-----------+-------+
[   10.025564] cloud-init[1025]: Generating public/private rsa key pair.
[   10.025967] cloud-init[1025]: Your identification has been saved in /etc/ssh/ssh_host_rsa_key.
[   10.026494] cloud-init[1025]: Your public key has been saved in /etc/ssh/ssh_host_rsa_key.pub.
[   10.041351] cloud-init[1025]: The key fingerprint is:
[   10.041735] cloud-init[1025]: SHA256:9mnZpOWTUA+VdhGWXxo+V2V00PJ06+BjdxkBKhhjcq0 root@ubuntu-bionic
[   10.042156] cloud-init[1025]: The key's randomart image is:
[   10.042475] cloud-init[1025]: +---[RSA 2048]----+
[   10.042748] cloud-init[1025]: |     . =.    .+OX|
[   10.043153] cloud-init[1025]: |      + +.  ..*+O|
[   10.043527] cloud-init[1025]: |       ... .oo BB|
[   10.043924] cloud-init[1025]: |       E  .. ++o+|
[   10.044303] cloud-init[1025]: |        S . + +oo|
[   10.044644] cloud-init[1025]: |       . . X = +.|
[   10.044985] cloud-init[1025]: |          * * o .|
[   10.045331] cloud-init[1025]: |         .   .   |
[   10.045673] cloud-init[1025]: |                 |
[   10.046019] cloud-init[1025]: +----[SHA256]-----+
[   10.046360] cloud-init[1025]: Generating public/private dsa key pair.
[   10.046775] cloud-init[1025]: Your identification has been saved in /etc/ssh/ssh_host_dsa_key.
[   10.047280] cloud-init[1025]: Your public key has been saved in /etc/ssh/ssh_host_dsa_key.pub.
[   10.047775] cloud-init[1025]: The key fingerprint is:
[   10.048147] cloud-init[1025]: SHA256:2C7VXrY0tpYBTqgaGR8IlnOwfV/PM7HZVT8vUNcezqs root@ubuntu-bionic
[   10.052253] cloud-init[1025]: The key's randomart image is:
[   10.052620] cloud-init[1025]: +---[DSA 1024]----+
[   10.052964] cloud-init[1025]: |  +o          . +|
[   10.053294] cloud-init[1025]: | .o+..   .   . o+|
[   10.053607] cloud-init[1025]: |  .o+ o . + o oo+|
[   10.053960] cloud-init[1025]: |     = * = + * ++|
[   10.054280] cloud-init[1025]: |    o + S o # o o|
[   10.054587] cloud-init[1025]: |     o o . = O o |
[   10.054913] cloud-init[1025]: |    . . . . = .  |
[   10.055233] cloud-init[1025]: |       .   . E   |
[   10.062192] cloud-init[1025]: |                 |
[   10.062595] cloud-init[1025]: +----[SHA256]-----+
[   10.062924] cloud-init[1025]: Generating public/private ecdsa key pair.
[   10.063340] cloud-init[1025]: Your identification has been saved in /etc/ssh/ssh_host_ecdsa_key.
[   10.063851] cloud-init[1025]: Your public key has been saved in /etc/ssh/ssh_host_ecdsa_key.pub.
[   10.064350] cloud-init[1025]: The key fingerprint is:
[   10.064674] cloud-init[1025]: SHA256:d9NRzu/WXq/LOyCab7nzgsygqIHawg/lKWTlV+41gI8 root@ubuntu-bionic
[   10.065151] cloud-init[1025]: The key's randomart image is:
[   10.065506] cloud-init[1025]: +---[ECDSA 256]---+
[   10.065820] cloud-init[1025]: |                .|
[   10.066122] cloud-init[1025]: |      .        + |
[   10.066451] cloud-init[1025]: |   . . o      . o|
[   10.066905] cloud-init[1025]: |  o   = .    . ..|
[   10.067233] cloud-init[1025]: | o o E oSo. o . .|
[   10.067577] cloud-init[1025]: |+ o o o ..o... ..|
[   10.067895] cloud-init[1025]: |+o + . = + o .  =|
[   10.068257] cloud-init[1025]: |o++ .   * =  ..oo|
[   10.068571] cloud-init[1025]: |ooo.     oo=. ==o|
[   10.068935] cloud-init[1025]: +----[SHA256]-----+
[   10.069430] [[0;32m  OK  [0m] Started Initial cloud-init job (metadata service crawler).
[[0;32m  OK  [0m] Reached target Network is Online.
cloud-init[1025]: Generating public/private ed25519 key pair.
[   10.070644] cloud-init         Starting Availability of block devices...
[[0;32m  OK  [0m] Reached target Remote File Systems (Pre).
[[0;32m  OK  [0m] Reached target Remote File Systems.
[[0;32m  OK  [0m] Reached target System Initialization.
[[0;32m  OK  [0m] Started Message of the Day.
[[0;32m  OK  [0m] Listening on Open-iSCSI iscsid Socket.
[[0;32m  OK  [0m] Listening on UUID daemon activation socket.
[[0;32m  OK  [0m] Listening on cloud-init hotplug hook socket.
[[0;32m  OK  [0m] Started Daily apt download activities.
[[0;32m  OK  [0m] Started Daily apt upgrade and clean activities.
[[0;32m  OK  [0m] Started ACPI Events Check.
[1025]:          Starting Socket activation for snappy daemon.
Your identification has been saved in /etc/ssh/ssh_host_ed25519_key.
[   10.075613] cloud-init[1025]: Your public key has been saved in /etc/ssh/ssh_host_ed25519_key.pub.
         Starting LXD - unix socket.
[[0;32m  OK  [0m] Listening on D-Bus System Message Bus Socket.
[[0;32m  OK  [0m] Started Discard unused blocks once a week.
[[0;32m  OK  [0m] Reached target Paths.
[[0;32m  OK  [0m] Listening on ACPID Listen Socket.
[[0;32m  OK  [0m] Started Ubuntu Advantage Timer for running repeated jobs.
[[0;32m  OK  [0m] Started Daily Cleanup of Temporary Directories.
[[0;32m  OK  [0m] Reached target Timers.
[[0;32m  OK  [0m] Reached target Cloud-config availability.
[[0;32m  OK  [0m] Started Availability of block devices.
[   10.080574] [[0;32m  OK  [0m] Listening on Socket activation for snappy daemon.
[[0;32m  OK  [0m] Listening on LXD - unix socket.
[[0;32m  OK  [0m] Reached target Sockets.
[[0;32m  OK  [0m] Reached target Basic System.
cloud-init[1025]: The key fingerprint is:
[[0;32m  OK  [0m] Started D-Bus System Message Bus.
[   10.087844] cloud-init[1025]: SHA256:FezHisZt6MdIsDmoYXy4VO4Jii0EKw7cNvkYeDwpjm8 root@ubuntu-bionic
[   10.088695] cloud-init[1025]: The key's randomart image is:
[   10.090163] cloud-init[1025]: +--[ED25519 256]--+
[   10.091040] cloud-init[1025]: |         ..      |
[   10.091965] cloud-init[1025]: |          ..     |
[   10.092908] cloud-init[1025]: |         ...     |
[   10.093690] cloud-init[1025]: |.   . .  .. o    |
[   10.094354] cloud-init[1025]: |oo++o. =S+ o     |
[   10.095503] cloud-init[1025]: |+=B@+ + * +      |
[[0;32m  OK  [0m] Started FUSE filesystem for LXC.
[   10.096714]          Starting LXD - container startup/shutdown...
         Starting System Logging Service...
         Starting Virtualbox guest utils...
cloud-init[1025]: |O=+B*. = +       |
[   10.099193] cloud-init[1025]: |=oE.o.  o o      |
[   10.100168] cloud-init[1025]: | +.      .       |
[   10.100464] cloud-init[1025]: +----[SHA256]-----+
         Starting Dispatcher daemon for systemd-networkd...
         Starting LSB: automatic crash report generation...
[[0;32m  OK  [0m] Started irqbalance daemon.
[[0;32m  OK  [0m] Reached target Login Prompts (Pre).
[[0;32m  OK  [0m] Started Regular background program processing daemon.
         Starting Pollinate to seed the pseudo random number generator...
         Starting Permit User Sessions...
         Starting Login Service...
         Starting Accounts Service...
         Starting LSB: Record successful boot for GRUB...
[[0;32m  OK  [0m] Started Deferred execution scheduler.
         Starting Snap Daemon...
[[0;32m  OK  [0m] Started System Logging Service.
[[0;32m  OK  [0m] Started LXD - container startup/shutdown.
[[0;32m  OK  [0m] Started Permit User Sessions.
[[0;32m  OK  [0m] Started Login Service.
[[0;32m  OK  [0m] Started LSB: automatic crash report generation.
         Starting Authorization Manager...
[[0;32m  OK  [0m] Started Unattended Upgrades Shutdown.
         Starting Hostname Service...
         Starting Hold until boot process finishes up...
         Starting Terminate Plymouth Boot Screen...
[[0;32m  OK  [0m] Started Hold until boot process finishes up.
[[0;32m  OK  [0m] Started Serial Getty on ttyS0.
         Starting Set console scheme...
[[0;32m  OK  [0m] Started Authorization Manager.
[[0;32m  OK  [0m] Started Accounts Service.
[[0;32m  OK  [0m] Started Terminate Plymouth Boot Screen.
[[0;32m  OK  [0m] Started LSB: Record successful boot for GRUB.
[[0;32m  OK  [0m] Started Virtualbox guest utils.
[[0;32m  OK  [0m] Started Set console scheme.
[[0;32m  OK  [0m] Created slice system-getty.slice.
[[0;32m  OK  [0m] Started Getty on tty1.
[[0;32m  OK  [0m] Reached target Login Prompts.
[[0;32m  OK  [0m] Started Hostname Service.
[[0;32m  OK  [0m] Started Dispatcher daemon for systemd-networkd.
[[0;32m  OK  [0m] Started Pollinate to seed the pseudo random number generator.
         Starting OpenBSD Secure Shell server...
[[0;32m  OK  [0m] Started OpenBSD Secure Shell server.
[[0;32m  OK  [0m] Started Snap Daemon.
         Starting Wait until snapd is fully seeded...
         Starting Time & Date Service...
[[0;32m  OK  [0m] Started Time & Date Service.
[[0;32m  OK  [0m] Started Wait until snapd is fully seeded.
         Starting Apply the settings specified in cloud-config...
[   12.305790] cloud-init[1564]: Cloud-init v. 23.1.2-0ubuntu0~18.04.1 running 'modules:config' at Sat, 31 May 2025 18:16:50 +0000. Up 12.12 seconds.
[[0;32m  OK  [0m] Started Apply the settings specified in cloud-config.
[[0;32m  OK  [0m] Reached target Multi-User System.
         Starting Execute cloud user/final scripts...
[[0;32m  OK  [0m] Reached target Graphical Interface.
         Starting Update UTMP about System Runlevel Changes...
[[0;32m  OK  [0m] Started Update UTMP about System Runlevel Changes.
[[0;32m  OK  [0m] Created slice User Slice of vagrant.
         Starting User Manager for UID 1000...
[[0;32m  OK  [0m] Started Session 1 of user vagrant.
[[0;32m  OK  [0m] Started User Manager for UID 1000.
ci-info: no authorized SSH keys fingerprints found for user ubuntu.
<14>May 31 18:16:50 cloud-init: #############################################################
<14>May 31 18:16:50 cloud-init: -----BEGIN SSH HOST KEY FINGERPRINTS-----
<14>May 31 18:16:50 cloud-init: 1024 SHA256:2C7VXrY0tpYBTqgaGR8IlnOwfV/PM7HZVT8vUNcezqs root@ubuntu-bionic (DSA)
<14>May 31 18:16:50 cloud-init: 256 SHA256:d9NRzu/WXq/LOyCab7nzgsygqIHawg/lKWTlV+41gI8 root@ubuntu-bionic (ECDSA)
<14>May 31 18:16:50 cloud-init: 256 SHA256:FezHisZt6MdIsDmoYXy4VO4Jii0EKw7cNvkYeDwpjm8 root@ubuntu-bionic (ED25519)
<14>May 31 18:16:50 cloud-init: 2048 SHA256:9mnZpOWTUA+VdhGWXxo+V2V00PJ06+BjdxkBKhhjcq0 root@ubuntu-bionic (RSA)
<14>May 31 18:16:50 cloud-init: -----END SSH HOST KEY FINGERPRINTS-----
<14>May 31 18:16:50 cloud-init: #############################################################
-----BEGIN SSH HOST KEY KEYS-----
ecdsa-sha2-nistp256 AAAAE2VjZHNhLXNoYTItbmlzdHAyNTYAAAAIbmlzdHAyNTYAAABBBDU2NJ3z/M0l+chHImyqjmK/U7HLctSZsI2AF/DedtLG3SSdyent/hmn99xfx/mi0aP/NgqV6/VMiSdM9vJsFXo= root@ubuntu-bionic
ssh-ed25519 AAAAC3NzaC1lZDI1NTE5AAAAIPnc25dUqbcXA0L58lDP/DM1VLl7jpD3dFeucl2gswPw root@ubuntu-bionic
ssh-rsa AAAAB3NzaC1yc2EAAAADAQABAAABAQCuJE0tl1luZMQWpqZbU+T9ZU0Sevh0w+ltfBvCr8cnlm1/+t3h6/soXcvWoF3wP2rc8o7If0c/FMLoQmRnTyFUtucjQiH2ewRJ8f4PsfRrTFLmD6Su6DSm+b/ZKRvhjDHrNZTcDhywaOoMXvCxevcmX5hXH3xGRxSE7d4T3p12LDgfu2TqVdnKHkuNH/iD2CeIGS5gqBRVmHwKUzyAc72t0JyOmpSbVAsdz9CL1Oems95m7q+Yl2uZGLR3am0uN9rnl4WBah+gjfdSALa+MO7JF3kW6nZT5+9u4Hog4mDRya8pS0WFkfKZktEs2M7T418WW3d5eePUmMo0lRvUMRE/ root@ubuntu-bionic
-----END SSH HOST KEY KEYS-----
[   12.715641] cloud-init[1613]: Cloud-init v. 23.1.2-0ubuntu0~18.04.1 running 'modules:final' at Sat, 31 May 2025 18:16:50 +0000. Up 12.57 seconds.
[   12.716489] cloud-init[1613]: Cloud-init v. 23.1.2-0ubuntu0~18.04.1 finished at Sat, 31 May 2025 18:16:50 +0000. Datasource DataSourceNoCloud [seed=/dev/sdb][dsmode=net].  Up 12.71 seconds
[[0;32m  OK  [0m] Started Execute cloud user/final scripts.
[[0;32m  OK  [0m] Reached target Cloud-init target.

Ubuntu 18.04.6 LTS ubuntu-bionic ttyS0

ubuntu-bionic login: 