[    0.000000] Linux version 4.15.0-212-generic (buildd@lcy02-amd64-083) (gcc version 7.5.0 (Ubuntu 7.5.0-3ubuntu1~18.04)) #223-Ubuntu SMP Tue May 23 13:09:22 UTC 2023 (Ubuntu 4.15.0-212.223-generic 4.15.18)
[    0.000000] Command line: BOOT_IMAGE=/boot/vmlinuz-4.15.0-212-generic root=LABEL=cloudimg-rootfs ro console=tty1 console=ttyS0
[    0.000000] KERNEL supported cpus:
[    0.000000]   Intel GenuineIntel
[    0.000000]   AMD AuthenticAMD
[    0.000000]   Centaur CentaurHauls
[    0.000000] x86/fpu: Supporting XSAVE feature 0x001: 'x87 floating point registers'
[    0.000000] x86/fpu: Supporting XSAVE feature 0x002: 'SSE registers'
[    0.000000] x86/fpu: Supporting XSAVE feature 0x004: 'AVX registers'
[    0.000000] x86/fpu: xstate_offset[2]:  576, xstate_sizes[2]:  256
[    0.000000] x86/fpu: Enabled xstate features 0x7, context size is 832 bytes, using 'standard' format.
[    0.000000] e820: BIOS-provided physical RAM map:
[    0.000000] BIOS-e820: [mem 0x0000000000000000-0x000000000009fbff] usable
[    0.000000] BIOS-e820: [mem 0x000000000009fc00-0x000000000009ffff] reserved
[    0.000000] BIOS-e820: [mem 0x00000000000f0000-0x00000000000fffff] reserved
[    0.000000] BIOS-e820: [mem 0x0000000000100000-0x000000003ffeffff] usable
[    0.000000] BIOS-e820: [mem 0x000000003fff0000-0x000000003fffffff] ACPI data
[    0.000000] BIOS-e820: [mem 0x00000000fec00000-0x00000000fec00fff] reserved
[    0.000000] BIOS-e820: [mem 0x00000000fee00000-0x00000000fee00fff] reserved
[    0.000000] BIOS-e820: [mem 0x00000000fffc0000-0x00000000ffffffff] reserved
[    0.000000] NX (Execute Disable) protection: active
[    0.000000] SMBIOS 2.5 present.
[    0.000000] DMI: innotek GmbH VirtualBox/VirtualBox, BIOS VirtualBox 12/01/2006
[    0.000000] Hypervisor detected: KVM
[    0.000000] e820: last_pfn = 0x3fff0 max_arch_pfn = 0x400000000
[    0.000000] x86/PAT: Configuration [0-7]: WB  WC  UC- UC  WB  WP  UC- WT  
[    0.000000] found SMP MP-table at [mem 0x0009fbf0-0x0009fbff]
[    0.000000] Scanning 1 areas for low memory corruption
[    0.000000] RAMDISK: [mem 0x359cb000-0x36cdcfff]
[    0.000000] ACPI: Early table checksum verification disabled
[    0.000000] ACPI: RSDP 0x00000000000E0000 000024 (v02 VBOX  )
[    0.000000] ACPI: XSDT 0x000000003FFF0030 00003C (v01 VBOX   VBOXXSDT 00000001 ASL  00000061)
[    0.000000] ACPI: FACP 0x000000003FFF00F0 0000F4 (v04 VBOX   VBOXFACP 00000001 ASL  00000061)
[    0.000000] ACPI: DSDT 0x000000003FFF0610 002353 (v02 VBOX   VBOXBIOS 00000002 INTL 20240927)
[    0.000000] ACPI: FACS 0x000000003FFF0200 000040
[    0.000000] ACPI: FACS 0x000000003FFF0200 000040
[    0.000000] ACPI: APIC 0x000000003FFF0240 00005C (v02 VBOX   VBOXAPIC 00000001 ASL  00000061)
[    0.000000] ACPI: SSDT 0x000000003FFF02A0 00036C (v01 VBOX   VBOXCPUT 00000002 INTL 20240927)
[    0.000000] ACPI: Reserving FACP table memory at [mem 0x3fff00f0-0x3fff01e3]
[    0.000000] ACPI: Reserving DSDT table memory at [mem 0x3fff0610-0x3fff2962]
[    0.000000] ACPI: Reserving FACS table memory at [mem 0x3fff0200-0x3fff023f]
[    0.000000] ACPI: Reserving FACS table memory at [mem 0x3fff0200-0x3fff023f]
[    0.000000] ACPI: Reserving APIC table memory at [mem 0x3fff0240-0x3fff029b]
[    0.000000] ACPI: Reserving SSDT table memory at [mem 0x3fff02a0-0x3fff060b]
[    0.000000] No NUMA configuration found
[    0.000000] Faking a node at [mem 0x0000000000000000-0x000000003ffeffff]
[    0.000000] NODE_DATA(0) allocated [mem 0x3ffc5000-0x3ffeffff]
[    0.000000] kvm-clock: cpu 0, msr 0:3ff44001, primary cpu clock
[    0.000000] kvm-clock: Using msrs 4b564d01 and 4b564d00
[    0.000000] kvm-clock: using sched offset of 2865133934 cycles
[    0.000000] clocksource: kvm-clock: mask: 0xffffffffffffffff max_cycles: 0x1cd42e4dffb, max_idle_ns: 881590591483 ns
[    0.000000] Zone ranges:
[    0.000000]   DMA      [mem 0x0000000000001000-0x0000000000ffffff]
[    0.000000]   DMA32    [mem 0x0000000001000000-0x000000003ffeffff]
[    0.000000]   Normal   empty
[    0.000000]   Device   empty
[    0.000000] Movable zone start for each node
[    0.000000] Early memory node ranges
[    0.000000]   node   0: [mem 0x0000000000001000-0x000000000009efff]
[    0.000000]   node   0: [mem 0x0000000000100000-0x000000003ffeffff]
[    0.000000] Reserved but unavailable: 104 pages
[    0.000000] Initmem setup node 0 [mem 0x0000000000001000-0x000000003ffeffff]
[    0.000000] ACPI: PM-Timer IO Port: 0x4008
[    0.000000] IOAPIC[0]: apic_id 2, version 32, address 0xfec00000, GSI 0-23
[    0.000000] ACPI: INT_SRC_OVR (bus 0 bus_irq 0 global_irq 2 dfl dfl)
[    0.000000] ACPI: INT_SRC_OVR (bus 0 bus_irq 9 global_irq 9 low level)
[    0.000000] Using ACPI (MADT) for SMP configuration information
[    0.000000] smpboot: Allowing 2 CPUs, 0 hotplug CPUs
[    0.000000] PM: Registered nosave memory: [mem 0x00000000-0x00000fff]
[    0.000000] PM: Registered nosave memory: [mem 0x0009f000-0x0009ffff]
[    0.000000] PM: Registered nosave memory: [mem 0x000a0000-0x000effff]
[    0.000000] PM: Registered nosave memory: [mem 0x000f0000-0x000fffff]
[    0.000000] e820: [mem 0x40000000-0xfebfffff] available for PCI devices
[    0.000000] Booting paravirtualized kernel on KVM
[    0.000000] clocksource: refined-jiffies: mask: 0xffffffff max_cycles: 0xffffffff, max_idle_ns: 7645519600211568 ns
[    0.000000] setup_percpu: NR_CPUS:8192 nr_cpumask_bits:2 nr_cpu_ids:2 nr_node_ids:1
[    0.000000] percpu: Embedded 50 pages/cpu s167936 r8192 d28672 u1048576
[    0.000000] PV qspinlock hash table entries: 256 (order: 0, 4096 bytes)
[    0.000000] Built 1 zonelists, mobility grouping on.  Total pages: 257913
[    0.000000] Policy zone: DMA32
[    0.000000] Kernel command line: BOOT_IMAGE=/boot/vmlinuz-4.15.0-212-generic root=LABEL=cloudimg-rootfs ro console=tty1 console=ttyS0
[    0.000000] Memory: 982644K/1048120K available (12300K kernel code, 2477K rwdata, 4324K rodata, 2480K init, 2720K bss, 65476K reserved, 0K cma-reserved)
[    0.000000] SLUB: HWalign=64, Order=0-3, MinObjects=0, CPUs=2, Nodes=1
[    0.000000] Kernel/User page tables isolation: enabled
[    0.000000] ftrace: allocating 39508 entries in 155 pages
[    0.004000] Hierarchical RCU implementation.
[    0.004000] 	RCU restricting CPUs from NR_CPUS=8192 to nr_cpu_ids=2.
[    0.004000] 	Tasks RCU enabled.
[    0.004000] RCU: Adjusting geometry for rcu_fanout_leaf=16, nr_cpu_ids=2
[    0.004000] NR_IRQS: 524544, nr_irqs: 440, preallocated irqs: 16
[    0.004000] random: crng init done
[    0.004000] Console: colour VGA+ 80x25
[    0.004000] console [tty1] enabled
[    0.004000] console [ttyS0] enabled
[    0.004000] ACPI: Core revision 20170831
[    0.004000] ACPI: 2 ACPI AML tables successfully acquired and loaded
[    0.004000] APIC: Switch to symmetric I/O mode setup
[    0.004000] x2apic enabled
[    0.004000] Switched APIC routing to physical x2apic.
[    0.004000] ..TIMER: vector=0x30 apic1=0 pin1=2 apic2=-1 pin2=-1
[    0.004000] tsc: Detected 2687.998 MHz processor
[    0.004000] Calibrating delay loop (skipped) preset value.. 5375.99 BogoMIPS (lpj=10751992)
[    0.004000] pid_max: default: 32768 minimum: 301
[    0.004000] Security Framework initialized
[    0.004000] Yama: becoming mindful.
[    0.004000] AppArmor: AppArmor initialized
[    0.004000] Dentry cache hash table entries: 131072 (order: 8, 1048576 bytes)
[    0.004000] Inode-cache hash table entries: 65536 (order: 7, 524288 bytes)
[    0.004000] Mount-cache hash table entries: 2048 (order: 2, 16384 bytes)
[    0.004000] Mountpoint-cache hash table entries: 2048 (order: 2, 16384 bytes)
[    0.004000] Last level iTLB entries: 4KB 0, 2MB 0, 4MB 0
[    0.004000] Last level dTLB entries: 4KB 0, 2MB 0, 4MB 0, 1GB 0
[    0.004000] Spectre V1 : Mitigation: usercopy/swapgs barriers and __user pointer sanitization
[    0.004000] Spectre V2 : Mitigation: Retpolines
[    0.004000] Spectre V2 : Spectre v2 / SpectreRSB mitigation: Filling RSB on context switch
[    0.004000] Spectre V2 : Spectre v2 / SpectreRSB : Filling RSB on VMEXIT
[    0.004000] Speculative Store Bypass: Vulnerable
[    0.004000] MDS: Mitigation: Clear CPU buffers
[    0.004000] Freeing SMP alternatives memory: 36K
[    0.121346] APIC calibration not consistent with PM-Timer: 103ms instead of 100ms
[    0.122240] APIC delta adjusted to PM-Timer: 6413036 (6635031)
[    0.122887] smpboot: CPU0: 12th Gen Intel(R) Core(TM) i7-12700H (family: 0x6, model: 0x9a, stepping: 0x3)
[    0.123930] Performance Events: unsupported p6 CPU model 154 no PMU driver, software events only.
[    0.124000] Hierarchical SRCU implementation.
[    0.124000] NMI watchdog: Perf event create on CPU 0 failed with -2
[    0.124000] NMI watchdog: Perf NMI watchdog permanently disabled
[    0.124000] smp: Bringing up secondary CPUs ...
[    0.124070] x86: Booting SMP configuration:
[    0.124521] .... node  #0, CPUs:      #1
[    0.004000] kvm-clock: cpu 1, msr 0:3ff44041, secondary cpu clock
[    0.128014] smp: Brought up 1 node, 2 CPUs
[    0.128568] smpboot: Max logical packages: 1
[    0.129085] smpboot: Total of 2 processors activated (10751.99 BogoMIPS)
[    0.130047] devtmpfs: initialized
[    0.130047] x86/mm: Memory block size: 128MB
[    0.130047] evm: security.selinux
[    0.130047] evm: security.SMACK64
[    0.130047] evm: security.SMACK64EXEC
[    0.132004] evm: security.SMACK64TRANSMUTE
[    0.132915] evm: security.SMACK64MMAP
[    0.133318] evm: security.apparmor
[    0.133723] evm: security.ima
[    0.134109] evm: security.capability
[    0.134549] clocksource: jiffies: mask: 0xffffffff max_cycles: 0xffffffff, max_idle_ns: 7645041785100000 ns
[    0.134549] futex hash table entries: 512 (order: 3, 32768 bytes)
[    0.136034] pinctrl core: initialized pinctrl subsystem
[    0.137088] RTC time: 19:14:56, date: 06/02/25
[    0.137644] NET: Registered protocol family 16
[    0.138157] audit: initializing netlink subsys (disabled)
[    0.138724] audit: type=2000 audit(1748891700.172:1): state=initialized audit_enabled=0 res=1
[    0.140004] cpuidle: using governor ladder
[    0.140450] cpuidle: using governor menu
[    0.140888] ACPI: bus type PCI registered
[    0.141358] acpiphp: ACPI Hot Plug PCI Controller Driver version: 0.5
[    0.142146] PCI: Using configuration type 1 for base access
[    0.142826] HugeTLB registered 2.00 MiB page size, pre-allocated 0 pages
[    0.144035] ACPI: Added _OSI(Module Device)
[    0.144551] ACPI: Added _OSI(Processor Device)
[    0.145077] ACPI: Added _OSI(3.0 _SCP Extensions)
[    0.145638] ACPI: Added _OSI(Processor Aggregator Device)
[    0.146261] ACPI: Added _OSI(Linux-Dell-Video)
[    0.146785] ACPI: Added _OSI(Linux-Lenovo-NV-HDMI-Audio)
[    0.147400] ACPI: Added _OSI(Linux-HPI-Hybrid-Graphics)
[    0.148183] ACPI: Executed 1 blocks of module-level executable AML code
[    0.150699] ACPI: Interpreter enabled
[    0.151174] ACPI: (supports S0 S5)
[    0.151591] ACPI: Using IOAPIC for interrupt routing
[    0.152123] PCI: Using host bridge windows from ACPI; if necessary, use "pci=nocrs" and report a bug
[    0.153129] ACPI: Enabled 2 GPEs in block 00 to 07
[    0.156887] ACPI: PCI Root Bridge [PCI0] (domain 0000 [bus 00-ff])
[    0.157520] acpi PNP0A03:00: _OSC: OS supports [ASPM ClockPM Segments MSI]
[    0.158462] acpi PNP0A03:00: _OSC: not requesting OS control; OS requires [ExtendedConfig ASPM ClockPM MSI]
[    0.159473] acpi PNP0A03:00: fail to add MMCONFIG information, can't access extended PCI configuration space under this bridge.
[    0.160192] PCI host bridge to bus 0000:00
[    0.160637] pci_bus 0000:00: root bus resource [io  0x0000-0x0cf7 window]
[    0.161327] pci_bus 0000:00: root bus resource [io  0x0d00-0xffff window]
[    0.162007] pci_bus 0000:00: root bus resource [mem 0x000a0000-0x000bffff window]
[    0.162788] pci_bus 0000:00: root bus resource [mem 0x40000000-0xfdffffff window]
[    0.164002] pci_bus 0000:00: root bus resource [bus 00-ff]
[    0.165587] pci 0000:00:01.1: legacy IDE quirk: reg 0x10: [io  0x01f0-0x01f7]
[    0.166334] pci 0000:00:01.1: legacy IDE quirk: reg 0x14: [io  0x03f6]
[    0.166989] pci 0000:00:01.1: legacy IDE quirk: reg 0x18: [io  0x0170-0x0177]
[    0.167707] pci 0000:00:01.1: legacy IDE quirk: reg 0x1c: [io  0x0376]
[    0.176796] pci 0000:00:07.0: quirk: [io  0x4000-0x403f] claimed by PIIX4 ACPI
[    0.177627] pci 0000:00:07.0: quirk: [io  0x4100-0x410f] claimed by PIIX4 SMB
[    0.182844] ACPI: PCI Interrupt Link [LNKA] (IRQs 5 9 10 *11)
[    0.183649] ACPI: PCI Interrupt Link [LNKB] (IRQs 5 9 *10 11)
[    0.184056] ACPI: PCI Interrupt Link [LNKC] (IRQs 5 *9 10 11)
[    0.184703] ACPI: PCI Interrupt Link [LNKD] (IRQs 5 9 10 *11)
[    0.185541] SCSI subsystem initialized
[    0.186030] pci 0000:00:02.0: vgaarb: setting as boot VGA device
[    0.186030] pci 0000:00:02.0: vgaarb: VGA device added: decodes=io+mem,owns=io+mem,locks=none
[    0.186030] pci 0000:00:02.0: vgaarb: bridge control possible
[    0.188005] vgaarb: loaded
[    0.188345] ACPI: bus type USB registered
[    0.188828] usbcore: registered new interface driver usbfs
[    0.189455] usbcore: registered new interface driver hub
[    0.190060] usbcore: registered new device driver usb
[    0.190694] EDAC MC: Ver: 3.0.0
[    0.190694] PCI: Using ACPI for IRQ routing
[    0.192188] NetLabel: Initializing
[    0.192626] NetLabel:  domain hash size = 128
[    0.193165] NetLabel:  protocols = UNLABELED CIPSOv4 CALIPSO
[    0.193832] NetLabel:  unlabeled traffic allowed by default
[    0.194638] clocksource: Switched to clocksource kvm-clock
[    0.199763] VFS: Disk quotas dquot_6.6.0
[    0.200093] VFS: Dquot-cache hash table entries: 512 (order 0, 4096 bytes)
[    0.201819] AppArmor: AppArmor Filesystem Enabled
[    0.202942] pnp: PnP ACPI init
[    0.204730] pnp: PnP ACPI: found 3 devices
[    0.222941] clocksource: acpi_pm: mask: 0xffffff max_cycles: 0xffffff, max_idle_ns: 2085701024 ns
[    0.224000] NET: Registered protocol family 2
[    0.224125] IP idents hash table entries: 16384 (order: 5, 131072 bytes)
[    0.225692] TCP established hash table entries: 8192 (order: 4, 65536 bytes)
[    0.226426] TCP bind hash table entries: 8192 (order: 5, 131072 bytes)
[    0.227085] TCP: Hash tables configured (established 8192 bind 8192)
[    0.227745] UDP hash table entries: 512 (order: 2, 16384 bytes)
[    0.228394] UDP-Lite hash table entries: 512 (order: 2, 16384 bytes)
[    0.229052] NET: Registered protocol family 1
[    0.229526] pci 0000:00:00.0: Limiting direct PCI/PCI transfers
[    0.230141] pci 0000:00:01.0: Activating ISA DMA hang workarounds
[    0.230775] pci 0000:00:02.0: Video device with shadowed ROM at [mem 0x000c0000-0x000dffff]
[    0.231684] Unpacking initramfs...
[    0.439419] Freeing initrd memory: 19528K
[    0.440008] clocksource: tsc: mask: 0xffffffffffffffff max_cycles: 0x26bef4a354e, max_idle_ns: 440795213564 ns
[    0.441217] platform rtc_cmos: registered platform RTC device (no PNP device found)
[    0.442150] Scanning for low memory corruption every 60 seconds
[    0.443394] Initialise system trusted keyrings
[    0.444046] Key type blacklist registered
[    0.444602] workingset: timestamp_bits=36 max_order=18 bucket_order=0
[    0.445766] zbud: loaded
[    0.446476] squashfs: version 4.0 (2009/01/31) Phillip Lougher
[    0.447306] fuse init (API version 7.26)
[    0.449081] Key type asymmetric registered
[    0.449646] Asymmetric key parser 'x509' registered
[    0.450243] Block layer SCSI generic (bsg) driver version 0.4 loaded (major 246)
[    0.451175] io scheduler noop registered
[    0.451695] io scheduler deadline registered
[    0.452222] io scheduler cfq registered (default)
[    0.453088] ACPI: AC Adapter [AC] (on-line)
[    0.453692] input: Power Button as /devices/LNXSYSTM:00/LNXPWRBN:00/input/input0
[    0.454760] ACPI: Power Button [PWRF]
[    0.455349] input: Sleep Button as /devices/LNXSYSTM:00/LNXSLPBN:00/input/input1
[    0.456241] ACPI: Sleep Button [SLPF]
[    0.457254] ACPI: Battery Slot [BAT0] (battery present)
[    0.458029] Serial: 8250/16550 driver, 32 ports, IRQ sharing enabled
[    0.479166] 00:02: ttyS0 at I/O 0x3f8 (irq = 4, base_baud = 115200) is a 16550A
[    0.481447] Linux agpgart interface v0.103
[    0.483047] loop: module loaded
[    0.483776] scsi host0: ata_piix
[    0.484214] scsi host1: ata_piix
[    0.484585] ata1: PATA max UDMA/33 cmd 0x1f0 ctl 0x3f6 bmdma 0xd000 irq 14
[    0.485272] ata2: PATA max UDMA/33 cmd 0x170 ctl 0x376 bmdma 0xd008 irq 15
[    0.486009] tun: Universal TUN/TAP device driver, 1.6
[    0.486619] PPP generic driver version 2.4.2
[    0.487149] ehci_hcd: USB 2.0 'Enhanced' Host Controller (EHCI) Driver
[    0.487809] ehci-pci: EHCI PCI platform driver
[    0.488325] ehci-platform: EHCI generic platform driver
[    0.488869] ohci_hcd: USB 1.1 'Open' Host Controller (OHCI) Driver
[    0.489504] ohci-pci: OHCI PCI platform driver
[    0.489998] ohci-platform: OHCI generic platform driver
[    0.490537] uhci_hcd: USB Universal Host Controller Interface driver
[    0.491225] i8042: PNP: PS/2 Controller [PNP0303:PS2K,PNP0f03:PS2M] at 0x60,0x64 irq 1,12
[    0.492454] serio: i8042 KBD port at 0x60,0x64 irq 1
[    0.492995] serio: i8042 AUX port at 0x60,0x64 irq 12
[    0.493695] mousedev: PS/2 mouse device common for all mice
[    0.494543] input: AT Translated Set 2 keyboard as /devices/platform/i8042/serio0/input/input2
[    0.495596] rtc_cmos rtc_cmos: rtc core: registered rtc_cmos as rtc0
[    0.496284] rtc_cmos rtc_cmos: alarms up to one day, 114 bytes nvram
[    0.496928] i2c /dev entries driver
[    0.497343] device-mapper: uevent: version 1.0.3
[    0.497886] device-mapper: ioctl: 4.37.0-ioctl (2017-09-20) initialised: dm-devel@redhat.com
[    0.498774] ledtrig-cpu: registered to indicate activity on CPUs
[    0.499561] NET: Registered protocol family 10
[    0.502519] Segment Routing with IPv6
[    0.503015] NET: Registered protocol family 17
[    0.503524] Key type dns_resolver registered
[    0.504181] mce: Using 0 MCE banks
[    0.504612] RAS: Correctable Errors collector initialized.
[    0.505201] sched_clock: Marking stable (504164437, 0)->(609842724, -105678287)
[    0.506158] registered taskstats version 1
[    0.506642] Loading compiled-in X.509 certificates
[    0.508666] Loaded X.509 cert 'Build time autogenerated kernel key: b5b26778eaa3ab3a4a6cee031137706e947d12ad'
[    0.510005] Loaded X.509 cert 'Canonical Ltd. Live Patch Signing: 14df34d1a87cf37625abec039ef2bf521249b969'
[    0.511263] Loaded X.509 cert 'Canonical Ltd. Kernel Module Signing: 88f752e560a1e0737e31163a466ad7b70a850c19'
[    0.512306] blacklist: Loading compiled-in revocation X.509 certificates
[    0.512983] Loaded X.509 cert 'Canonical Ltd. Secure Boot Signing: 61482aa2830d0ab2ad5af10b7250da9033ddcef0'
[    0.513971] Loaded X.509 cert 'Canonical Ltd. Secure Boot Signing (2017): 242ade75ac4a15e50d50c84b0d45ff3eae707a03'
[    0.515016] Loaded X.509 cert 'Canonical Ltd. Secure Boot Signing (ESM 2018): 365188c1d374d6b07c3c8f240f8ef722433d6a8b'
[    0.516086] Loaded X.509 cert 'Canonical Ltd. Secure Boot Signing (2019): c0746fd6c5da3ae827864651ad66ae47fe24b3e8'
[    0.517194] Loaded X.509 cert 'Canonical Ltd. Secure Boot Signing (2021 v1): a8d54bbb3825cfb94fa13c9f8a594a195c107b8d'
[    0.518282] Loaded X.509 cert 'Canonical Ltd. Secure Boot Signing (2021 v2): 4cf046892d6fd3c9a5b03f98d845f90851dc6a8c'
[    0.519350] Loaded X.509 cert 'Canonical Ltd. Secure Boot Signing (2021 v3): 100437bb6de6e469b581e61cd66bce3ef4ed53af'
[    0.520472] Loaded X.509 cert 'Canonical Ltd. Secure Boot Signing (Ubuntu Core 2019): c1d57b8f6b743f23ee41f4f7ee292f06eecadfb9'
[    0.521685] zswap: loaded using pool lzo/zbud
[    0.524233] Key type big_key registered
[    0.524690] Key type trusted registered
[    0.526018] Key type encrypted registered
[    0.526492] AppArmor: AppArmor sha1 policy hashing enabled
[    0.527129] ima: No TPM chip found, activating TPM-bypass! (rc=-19)
[    0.527828] ima: Allocated hash algorithm: sha1
[    0.528372] evm: HMAC attrs: 0x1
[    0.528918]   Magic number: 13:333:242
[    0.529475] rtc_cmos rtc_cmos: setting system clock to 2025-06-02 19:14:56 UTC (1748891696)
[    0.530559] BIOS EDD facility v0.16 2004-Jun-25, 0 devices found
[    0.531267] EDD information not available.
[    0.669737] Freeing unused kernel image memory: 2480K
[    0.983737] Write protecting the kernel read-only data: 20480k
[    0.985204] Freeing unused kernel image memory: 2008K
[    0.986564] Freeing unused kernel image memory: 1820K
[    0.990849] x86/mm: Checked W+X mappings: passed, no W+X pages found.
[    0.991622] x86/mm: Checking user space page tables
[    0.995464] x86/mm: Checked W+X mappings: passed, no W+X pages found.
Loading, please wait...
starting version 237
[    1.031167] Fusion MPT base driver 3.04.20
[    1.031754] Copyright (c) 1999-2008 LSI Corporation
[    1.034263] Fusion MPT SPI Host driver 3.04.20
[    1.035933] e1000: Intel(R) PRO/1000 Network Driver - version 7.3.21-k8-NAPI
[    1.036770] e1000: Copyright (c) 1999-2006 Intel Corporation.
[    1.039118] mptbase: ioc0: Initiating bringup
[    1.054454] AVX2 version of gcm_enc/dec engaged.
[    1.054991] AES CTR mode by8 optimization enabled
[    1.148569] ioc0: LSI53C1030 A0: Capabilities={Initiator}
[    1.249974] input: ImExPS/2 Generic Explorer Mouse as /devices/platform/i8042/serio1/input/input4
[    1.389768] scsi host2: ioc0: LSI53C1030 A0, FwRev=00000000h, Ports=1, MaxQ=256, IRQ=20
[    2.399619] scsi 2:0:0:0: Direct-Access     VBOX     HARDDISK         1.0  PQ: 0 ANSI: 5
[    2.552128] scsi target2:0:0: Beginning Domain Validation
[    2.553653] scsi target2:0:0: Domain Validation skipping write tests
[    2.554404] scsi target2:0:0: Ending Domain Validation
[    2.555859] scsi target2:0:0: asynchronous
[    2.556664] scsi 2:0:1:0: Direct-Access     VBOX     HARDDISK         1.0  PQ: 0 ANSI: 5
[    2.739444] e1000 0000:00:03.0 eth0: (PCI:33MHz:32-bit) 02:3b:7b:b7:3b:2d
[    2.740190] e1000 0000:00:03.0 eth0: Intel(R) PRO/1000 Network Connection
[    2.773438] scsi target2:0:1: Beginning Domain Validation
[    2.774776] scsi target2:0:1: Domain Validation skipping write tests
[    2.775557] scsi target2:0:1: Ending Domain Validation
[    2.776164] scsi target2:0:1: asynchronous
[    2.780589] sd 2:0:0:0: Attached scsi generic sg0 type 0
[    2.784776] sd 2:0:1:0: [sdb] 20480 512-byte logical blocks: (10.5 MB/10.0 MiB)
[    2.785774] sd 2:0:1:0: [sdb] Write Protect is off
[    2.786395] sd 2:0:1:0: [sdb] Incomplete mode parameter data
[    2.787018] sd 2:0:1:0: [sdb] Assuming drive cache: write through
[    2.788306] sd 2:0:0:0: [sda] 83886080 512-byte logical blocks: (42.9 GB/40.0 GiB)
[    2.789473] sd 2:0:1:0: Attached scsi generic sg1 type 0
[    2.790835] sd 2:0:1:0: [sdb] Attached SCSI disk
[    2.793088] sd 2:0:0:0: [sda] Write Protect is off
[    2.796214] sd 2:0:0:0: [sda] Incomplete mode parameter data
[    2.796869] sd 2:0:0:0: [sda] Assuming drive cache: write through
[    2.799281]  sda: sda1
[    2.801768] sd 2:0:0:0: [sda] Attached SCSI disk
[    3.410352] e1000 0000:00:08.0 eth1: (PCI:33MHz:32-bit) 08:00:27:aa:0b:97
[    3.411213] e1000 0000:00:08.0 eth1: Intel(R) PRO/1000 Network Connection
[    3.412990] e1000 0000:00:03.0 enp0s3: renamed from eth0
[    3.432400] e1000 0000:00:08.0 enp0s8: renamed from eth1
Begin: Loading essential drivers ... [    4.804118] raid6: sse2x1   gen() 19850 MB/s
[    4.852141] raid6: sse2x1   xor() 13678 MB/s
[    4.900818] raid6: sse2x2   gen() 25710 MB/s
[    4.948152] raid6: sse2x2   xor() 14644 MB/s
[    4.996137] raid6: sse2x4   gen() 26250 MB/s
[    5.044145] raid6: sse2x4   xor() 12480 MB/s
[    5.092438] raid6: avx2x1   gen() 25619 MB/s
[    5.144079] raid6: avx2x1   xor()  2211 MB/s
[    5.196333] raid6: avx2x2   gen()  3535 MB/s
[    5.248326] raid6: avx2x2   xor()  2385 MB/s
[    5.304362] raid6: avx2x4   gen()  2289 MB/s
[    5.360391] raid6: avx2x4   xor()  2179 MB/s
[    5.365603] raid6: using algorithm sse2x4 gen() 26250 MB/s
[    5.372558] raid6: .... xor() 12480 MB/s, rmw enabled
[    5.379000] raid6: using avx2x2 recovery algorithm
[    5.394938] xor: automatically using best checksumming function   avx       
[    5.415678] async_tx: api initialized (async)
done.
Begin: Running /scripts/init-premount ... done.
Begin: Mounting root file system ... Begin: Running /scripts/local-top ... done.
Begin: Running /scripts/local-premount ... [    5.732893] Btrfs loaded, crc32c=crc32c-intel
Scanning for Btrfs filesystems
done.
Warning: fsck not present, so skipping root file system
[    5.913355] EXT4-fs (sda1): mounted filesystem with ordered data mode. Opts: (null)
done.
Begin: Running /scripts/local-bottom ... done.
Begin: Running /scripts/init-bottom ... done.
[    6.201989] ip_tables: (C) 2000-2006 Netfilter Core Team
[    6.206547] systemd[1]: systemd 237 running in system mode. (+PAM +AUDIT +SELINUX +IMA +APPARMOR +SMACK +SYSVINIT +UTMP +LIBCRYPTSETUP +GCRYPT +GNUTLS +ACL +XZ +LZ4 +SECCOMP +BLKID +ELFUTILS +KMOD -IDN2 +IDN -PCRE2 default-hierarchy=hybrid)
[    6.209097] systemd[1]: Detected virtualization oracle.
[    6.209734] systemd[1]: Detected architecture x86-64.

Welcome to [1mUbuntu 18.04.6 LTS[0m!

[    6.213099] systemd[1]: Set hostname to <ubuntu>.
[    6.215219] systemd[1]: Initializing machine ID from random generator.
[    6.215978] systemd[1]: Installed transient /etc/machine-id file.
[    6.338190] systemd[1]: Reached target Swap.
[[0;32m  OK  [0m] Reached target Swap.
[    6.339191] systemd[1]: Started Forward Password Requests to Wall Directory Watch.
[[0;32m  OK  [0m] Started Forward Password Requests to Wall Directory Watch.
[    6.341464] systemd[1]: Created slice User and Session Slice.
[[0;32m  OK  [0m] Created slice User and Session Slice.
[    6.355866] systemd[1]: Set up automount Arbitrary Executable File Formats File System Automount Point.
[[0;32m  OK  [0m] Set up automount Arbitrary Executabâ€¦rmats File System Automount Point.
[[0;32m  OK  [0m] Reached target Mounting snaps.
[[0;32m  OK  [0m] Reached target System Time Synchronized.
[[0;32m  OK  [0m] Created slice System Slice.
[[0;32m  OK  [0m] Listening on LVM2 poll daemon socket.
[[0;32m  OK  [0m] Listening on LVM2 metadata daemon socket.
[[0;32m  OK  [0m] Listening on Journal Socket.
[[0;32m  OK  [0m] Created slice system-serial\x2dgetty.slice.
[[0;32m  OK  [0m] Listening on Journal Audit Socket.
[[0;32m  OK  [0m] Listening on udev Control Socket.
         Starting Create list of required stâ€¦ce nodes for the current kernel...
[[0;32m  OK  [0m] Listening on Device-mapper event daemon FIFOs.
         Mounting POSIX Message Queue File System...
         Starting Monitoring of LVM2 mirrorsâ€¦ng dmeventd or progress polling...
         Starting Uncomplicated firewall...
         Mounting Huge Pages File System...
[[0;32m  OK  [0m] Listening on Journal Socket (/dev/log).
[[0;32m  OK  [0m] Listening on udev Kernel Socket.
         Starting udev Coldplug all Devices...
         Starting Load Kernel Modules...
[[0;32m  OK  [0m] Listening on Syslog Socket.
         Starting Journal Service...
         Mounting Kernel Debug File System...
         Starting Set the console keyboard layout...
[[0;32m  OK  [0m] Listening on fsck to fsckd communication Socket.
         Starting File System Check on Root Device...
[[0;32m  OK  [0m] Reached target Slices.
[[0;32m  OK  [0m] Listening on /dev/initctl Compatibility Named Pipe.
[[0;32m  OK  [0m] Listening on Network Service Netlink Socket.
[[0;32m  OK  [0m] Reached target Mounted snaps.
[[0;32m  OK  [0m] Reached target User and Group Name Lookups.
[[0;32m  OK  [0m] Started Create list of required staâ€¦vice nodes for the current kernel.
[[0;32m  OK  [0m] Mounted POSIX Message Queue File System.
[[0;32m  OK  [0m] Started Uncomplicated firewall.
[[0;32m  OK  [0m] Mounted Huge Pages File System.
[[0;32m  OK  [0m] Mounted Kernel Debug File System.
[[0;32m  OK  [0m] Started LVM2 metadata daemon.
         Starting Create Static Device Nodes in /dev...
[    6.464473] Loading iSCSI transport class v2.0-870.
[    6.467465] iscsi: registered transport (tcp)
[[0;32m  OK  [0m] Started udev Coldplug all Devices.
[    6.481736] iscsi: registered transport (iser)
[[0;32m  OK  [0m] Started Load Kernel Modules.
         Mounting FUSE Control File System...
         Starting Apply Kernel Variables...
         Mounting Kernel Configuration File System...
[[0;32m  OK  [0m] Mounted Kernel Configuration File System.
[[0;32m  OK  [0m] Mounted FUSE Control File System.
[[0;32m  OK  [0m] Started Journal Service.
[[0;32m  OK  [0m] Started File System Check Daemon to report status.
[[0;32m  OK  [0m] Started Create Static Device Nodes in /dev.
[[0;32m  OK  [0m] Started File System Check on Root Device.
         Starting Remount Root and Kernel File Systems...
[[0;32m  OK  [0m] Started Monitoring of LVM2 mirrors,â€¦sing dmeventd or progress polling.
[[0;32m  OK  [0m] Started Apply Kernel Variables.
[[0;32m  OK  [0m] Started Remount Root and Kernel File Systems.
         Starting Load/Save Random Seed...
         Starting Flush Journal to Persistent Storage...
         Starting udev Kernel Device Manager...
[[0;32m  OK  [0m] Started Load/Save Random Seed.
[[0;32m  OK  [0m] Started udev Kernel Device Manager.
[[0;32m  OK  [0m] Started Flush Journal to Persistent Storage.
[[0;32m  OK  [0m] Found device /dev/ttyS0.
[[0;32m  OK  [0m] Listening on Load/Save RF Kill Switch Status /dev/rfkill Watch.
         Mounting Arbitrary Executable File Formats File System...
[[0;32m  OK  [0m] Mounted Arbitrary Executable File Formats File System.
[[0;32m  OK  [0m] Started Set the console keyboard layout.
[[0;32m  OK  [0m] Reached target Local File Systems (Pre).
[[0;32m  OK  [0m] Reached target Local File Systems.
         Starting Commit a transient machine-id on disk...
         Starting Tell Plymouth To Write Out Runtime Data...
         Starting Set console font and keymap...
         Starting AppArmor initialization...
         Starting ebtables ruleset management...
         Starting Create Volatile Files and Directories...
[[0;32m  OK  [0m] Started Dispatch Password Requests to Console Directory Watch.
[[0;32m  OK  [0m] Reached target Local Encrypted Volumes.
[[0;32m  OK  [0m] Started Tell Plymouth To Write Out Runtime Data.
[[0;32m  OK  [0m] Started Commit a transient machine-id on disk.
[[0;32m  OK  [0m] Started Create Volatile Files and Directories.
         Starting Update UTMP about System Boot/Shutdown...
[[0;32m  OK  [0m] Started Update UTMP about System Boot/Shutdown.
[[0;32m  OK  [0m] Started ebtables ruleset management.
[[0;32m  OK  [0m] Started AppArmor initialization.
         Starting Load AppArmor profiles managed internally by snapd...
         Starting Initial cloud-init job (pre-networking)...
[[0;32m  OK  [0m] Started Load AppArmor profiles managed internally by snapd.
[[0;32m  OK  [0m] Started Set console font and keymap.
[   10.157282] cloud-init[643]: Cloud-init v. 23.1.2-0ubuntu0~18.04.1 running 'init-local' at Mon, 02 Jun 2025 19:15:05 +0000. Up 9.90 seconds.
[[0;32m  OK  [0m] Started Initial cloud-init job (pre-networking).
[[0;32m  OK  [0m] Reached target Network (Pre).
         Starting Network Service...
[[0;32m  OK  [0m] Started Network Service.
         Starting Network Name Resolution...
         Starting Wait for Network to be Configured...
[[0;32m  OK  [0m] Started Network Name Resolution.
[[0;32m  OK  [0m] Reached target Host and Network Name Lookups.
[[0;32m  OK  [0m] Reached target Network.
[[0;32m  OK  [0m] Started Wait for Network to be Configured.
         Starting Initial cloud-init job (metadata service crawler)...
[   11.595061] cloud-init[953]: Cloud-init v. 23.1.2-0ubuntu0~18.04.1 running 'init' at Mon, 02 Jun 2025 19:15:07 +0000. Up 11.52 seconds.
[   11.596000] cloud-init[953]: ci-info: ++++++++++++++++++++++++++++++++++++++++++++Net device info++++++++++++++++++++++++++++++++++++++++++++
[   11.596856] cloud-init[953]: ci-info: +--------+-------+---------------------------------------+---------------+--------+-------------------+
[   11.597617] cloud-init[953]: ci-info: | Device |   Up  |                Address                |      Mask     | Scope  |     Hw-Address    |
[   11.598357] cloud-init[953]: ci-info: +--------+-------+---------------------------------------+---------------+--------+-------------------+
[   11.599113] cloud-init[953]: ci-info: | enp0s3 |  True |               10.0.2.15               | 255.255.255.0 | global | 02:3b:7b:b7:3b:2d |
[   11.599888] cloud-init[953]: ci-info: | enp0s3 |  True | fd17:625c:f037:2:3b:7bff:feb7:3b2d/64 |       .       | global | 02:3b:7b:b7:3b:2d |
[   11.612217] cloud-init[953]: ci-info: | enp0s3 |  True |       fe80::3b:7bff:feb7:3b2d/64      |       .       |  link  | 02:3b:7b:b7:3b:2d |
[   11.612939] cloud-init[953]: ci-info: | enp0s8 | False |                   .                   |       .       |   .    | 08:00:27:aa:0b:97 |
[   11.613685] cloud-init[953]: ci-info: |   lo   |  True |               127.0.0.1               |   255.0.0.0   |  host  |         .         |
[   11.614347] cloud-init[953]: ci-info: |   lo   |  True |                ::1/128                |       .       |  host  |         .         |
[   11.614995] cloud-init[953]: ci-info: +--------+-------+---------------------------------------+---------------+--------+-------------------+
[   11.615639] cloud-init[953]: ci-info: ++++++++++++++++++++++++++++Route IPv4 info+++++++++++++++++++++++++++++
[   11.616213] cloud-init[953]: ci-info: +-------+-------------+----------+-----------------+-----------+-------+
[   11.616777] cloud-init[953]: ci-info: | Route | Destination | Gateway  |     Genmask     | Interface | Flags |
[   11.617339] cloud-init[953]: ci-info: +-------+-------------+----------+-----------------+-----------+-------+
[   11.617903] cloud-init[953]: ci-info: |   0   |   0.0.0.0   | 10.0.2.2 |     0.0.0.0     |   enp0s3  |   UG  |
[   11.618453] cloud-init[953]: ci-info: |   1   |   10.0.2.0  | 0.0.0.0  |  255.255.255.0  |   enp0s3  |   U   |
[   11.619020] cloud-init[953]: ci-info: |   2   |   10.0.2.2  | 0.0.0.0  | 255.255.255.255 |   enp0s3  |   UH  |
[   11.619556] cloud-init[953]: ci-info: +-------+-------------+----------+-----------------+-----------+-------+
[   11.620178] cloud-init[953]: ci-info: ++++++++++++++++++++++++Route IPv6 info++++++++++++++++++++++++
[   11.620698] cloud-init[953]: ci-info: +-------+-----------------------+---------+-----------+-------+
[   11.621234] cloud-init[953]: ci-info: | Route |      Destination      | Gateway | Interface | Flags |
[   11.621763] cloud-init[953]: ci-info: +-------+-----------------------+---------+-----------+-------+
[   11.622438] cloud-init[953]: ci-info: |   1   | fd17:625c:f037:2::/64 |    ::   |   enp0s3  |   U   |
[   11.622954] cloud-init[953]: ci-info: |   2   |       fe80::/64       |    ::   |   enp0s3  |   U   |
[   11.623608] cloud-init[953]: ci-info: |   3   |          ::/0         | fe80::2 |   enp0s3  |   UG  |
[   11.624287] cloud-init[953]: ci-info: |   5   |         local         |    ::   |   enp0s3  |   U   |
[   11.624934] cloud-init[953]: ci-info: |   6   |        ff00::/8       |    ::   |   enp0s3  |   U   |
[   11.625568] cloud-init[953]: ci-info: +-------+-----------------------+---------+-----------+-------+
[   12.035272] cloud-init[953]: Generating public/private rsa key pair.
[   12.035878] cloud-init[953]: Your identification has been saved in /etc/ssh/ssh_host_rsa_key.
[   12.036563] cloud-init[953]: Your public key has been saved in /etc/ssh/ssh_host_rsa_key.pub.
[   12.037169] cloud-init[953]: The key fingerprint is:
[   12.037588] cloud-init[953]: SHA256:D2SL11N74f819i+FXuv62S3V+TejJIJnipNo3x2AQ0g root@ubuntu-bionic
[   12.038241] cloud-init[953]: The key's randomart image is:
[   12.038679] cloud-init[953]: +---[RSA 2048]----+
[   12.039076] cloud-init[953]: |   E             |
[   12.039440] cloud-init[953]: |  . .            |
[   12.039827] cloud-init[953]: |   . .  o   . .  |
[   12.040246] cloud-init[953]: |    . .+ o . o . |
[   12.052383] cloud-init[953]: |     o..S o . o.o|
[   12.052791] cloud-init[953]: |      ..oo . ..o=|
[   12.053069] cloud-init[953]: |    . .. =.. o *=|
[   12.053393] cloud-init[953]: |   o oo = o o =+@|
[   12.053698] cloud-init[953]: |  . .o.o .   o=*@|
[   12.054021] cloud-init[953]: +----[SHA256]-----+
[   12.054342] cloud-init[953]: Generating public/private dsa key pair.
[   12.054755] cloud-init[953]: Your identification has been saved in /etc/ssh/ssh_host_dsa_key.
[   12.055228] cloud-init[953]: Your public key has been saved in /etc/ssh/ssh_host_dsa_key.pub.
[   12.055731] cloud-init[953]: The key fingerprint is:
[   12.056058] cloud-init[953]: SHA256:B7FoK0QxL5yk7UulVNBfaDAFQZvq9Z+O1g2I2tKqUgo root@ubuntu-bionic
[   12.056654] cloud-init[953]: The key's randomart image is:
[   12.057023] cloud-init[953]: +---[DSA 1024]----+
[   12.057355] cloud-init[953]: |    *=B=o.       |
[   12.057698] cloud-init[953]: |   * =.=oo.      |
[   12.058038] cloud-init[953]: |  . B Boo.       |
[   12.058358] cloud-init[953]: |   + * ...       |
[   12.058669] cloud-init[953]: |    * o.S..      |
[   12.058992] cloud-init[953]: |E .o +.....      |
[   12.059311] cloud-init[953]: |.o  o+  .. o     |
[   12.059587] cloud-init[953]: |o   o o .o...    |
[   12.059932] cloud-init[953]: | ....o ...+      |
[   12.060298] cloud-init[953]: +----[SHA256]-----+
[   12.060607] cloud-init[953]: Generating public/private ecdsa key pair.
[   12.061003] cloud-init[953]: Your identification has been saved in /etc/ssh/ssh_host_ecdsa_key.
[   12.061496] cloud-init[953]: Your public key has been saved in /etc/ssh/ssh_host_ecdsa_key.pub.
[   12.061997] cloud-init[953]: The key fingerprint is:
[   12.062324] cloud-init[953]: SHA256:ofzBDevjMNGDOLKpbOGMXIUyOtu8fpOPl9YDdQOMVIE root@ubuntu-bionic
[   12.062808] cloud-init[953]: The key's randomart image is:
[   12.063150] cloud-init[953]: +---[ECDSA 256]---+
[   12.063394] cloud-init[953]: |     ..=o.       |
[[   12.078062] cloud-init[953]: |      E o        |
[   12.078399] cloud-init[953]: |    .   o.       |
[   12.078713] cloud-init[953]: | o . + =.=o      |
[   12.079032] cloud-init[953]: |. + + =.S...     |
[   12.079420] cloud-init[953]: |o. = ..+ o       |
[   12.079801] cloud-init[953]: |===  .o++        |[0;32m  OK  [0m] Started Initial cloud-init job (metadata service crawler).

[   12.080619] [[0;32m  OK  [0m] Reached target System Initialization.
cloud-init[953]: [[0;32m  OK  [0m] Started Daily apt download activities.
|+*o +.++o.       |
[   12.081794] cloud-init[953]: |oooo.=. ..       |
[   12.082198]          Starting Socket activation for snappy daemon.
cloud-init[953]: [[0;32m  OK  [0m] Started Message of the Day.
+----[SHA256]-----+
[   12.083142] cloud-init[953]: Generating public/private ed25519 key pair.[[0;32m  OK  [0m] Started ACPI Events Check.

[[0;32m  OK  [0m] Reached target Paths.
[   12.084227] [[0;32m  OK  [0m] Listening on cloud-init hotplug hook socket.
[[0;32m  OK  [0m] Started Daily apt upgrade and clean activities.
[[0;32m  OK  [0m] Started Daily Cleanup of Temporary Directories.
[[0;32m  OK  [0m] Listening on ACPID Listen Socket.
cloud-init[[0;32m  OK  [0m] Started Discard unused blocks once a week.
[[0;32m  OK  [0m] Listening on UUID daemon activation socket.
[[0;32m  OK  [0m] Started Ubuntu Advantage Timer for running repeated jobs.
[[0;32m  OK  [0m] Reached target Timers.
[[0;32m  OK  [0m] Listening on Open-iSCSI iscsid Socket.
[[0;32m  OK  [0m] Listening on D-Bus System Message Bus Socket.
         Starting LXD - unix socket.
[[0;32m  OK  [0m] Reached target Cloud-config availability.
[[0;32m  OK  [0m] Reached target Network is Online.
[953]: Your identification has been saved in /etc/ssh/ssh_host_ed25519_key.
[   12.089202] cloud-init[953]: Your public key has been saved in /etc/ssh/ssh_host_ed25519_key.pub.
[   12.089726] cloud-init[953]: The key fingerprint is:
[   12.090249] cloud-init[953]: SHA256:GwGkDYeCN8euYJSlgzN829Cfq84FTz7+dIiWR6xiy+E root@ubuntu-bionic
[   12.090690] cloud-init[953]: The key's randomart image is:
         Starting Availability of block devices...
[[0;32m  OK  [0m] Reached target Remote File Systems (Pre).
[[0;32m  OK  [0m] Reached target Remote File Systems.
[[0;32m  OK  [0m] Listening on Socket activation for snappy daemon.
[[0;32m  OK  [0m] Listening on LXD - unix socket.
[[0;32m  OK  [0m] Started Availability of block devices.
[[0;32m  OK  [0m] Reached target Sockets.
[[0;32m  OK  [0m] Reached target Basic System.
         Starting LXD - container startup/shutdown...
         Starting System Logging Service...
[   12.095148] cloud-init[953]: +--[ED25519 256]--+
[   12.138606] cloud-init[953]: | .oo.o+          |
[   12.138971] cloud-init[953]: |+o= == .         |
[   12.139293] cloud-init[953]: |== B... .        |
[   12.148343] cloud-init[953]: |.+o = . o.       |
[   12.148710] cloud-init[953]: |.. o o +So       |
[   12.149047] cloud-init[953]: |  .   = *o.      |
[   12.149375] cloud-init[953]: |     + @.+ .     |
[   12.149809] cloud-init[953]: |    = O + .      |
[   12.150181] cloud-init[953]: |    .E ...       |
[   12.150619] cloud-init[953]: +----[SHA256]-----+
         Starting Dispatcher daemon for systemd-networkd...
         Starting Login Service...
         Starting LSB: Record successful boot for GRUB...
[[0;32m  OK  [0m] Started Regular background program processing daemon.
[[0;32m  OK  [0m] Reached target Login Prompts (Pre).
         Starting Virtualbox guest utils...
         Starting Accounts Service...
         Starting Pollinate to seed the pseudo random number generator...
[[0;32m  OK  [0m] Started FUSE filesystem for LXC.
[[0;32m  OK  [0m] Started irqbalance daemon.
         Starting LSB: automatic crash report generation...
         Starting Permit User Sessions...
[[0;32m  OK  [0m] Started Deferred execution scheduler.
[[0;32m  OK  [0m] Started D-Bus System Message Bus.
         Starting Snap Daemon...
[[0;32m  OK  [0m] Started System Logging Service.
[[0;32m  OK  [0m] Started LXD - container startup/shutdown.
[[0;32m  OK  [0m] Started Permit User Sessions.
[[0;32m  OK  [0m] Started Login Service.
[[0;32m  OK  [0m] Started Dispatcher daemon for systemd-networkd.
[[0;32m  OK  [0m] Started LSB: automatic crash report generation.
         Starting Authorization Manager...
         Starting Hostname Service...
[[0;32m  OK  [0m] Started Unattended Upgrades Shutdown.
         Starting Hold until boot process finishes up...
         Starting Terminate Plymouth Boot Screen...
[[0;32m  OK  [0m] Started LSB: Record successful boot for GRUB.
[[0;32m  OK  [0m] Started Hold until boot process finishes up.
[[0;32m  OK  [0m] Started Terminate Plymouth Boot Screen.
[[0;32m  OK  [0m] Started Authorization Manager.
[[0;32m  OK  [0m] Started Accounts Service.
         Starting Set console scheme...
[[0;32m  OK  [0m] Started Serial Getty on ttyS0.
[[0;32m  OK  [0m] Started Set console scheme.
[[0;32m  OK  [0m] Started Virtualbox guest utils.
[[0;32m  OK  [0m] Started Hostname Service.
[[0;32m  OK  [0m] Created slice system-getty.slice.
[[0;32m  OK  [0m] Started Getty on tty1.
[[0;32m  OK  [0m] Reached target Login Prompts.
[[0;32m  OK  [0m] Started Snap Daemon.
         Starting Wait until snapd is fully seeded...
[[0;32m  OK  [0m] Started Pollinate to seed the pseudo random number generator.
         Starting OpenBSD Secure Shell server...
[[0;32m  OK  [0m] Started OpenBSD Secure Shell server.
[[0;32m  OK  [0m] Created slice User Slice of vagrant.
         Starting User Manager for UID 1000...
[[0;32m  OK  [0m] Started Session 1 of user vagrant.
[[0;32m  OK  [0m] Started User Manager for UID 1000.
         Starting Time & Date Service...
[[0;32m  OK  [0m] Started Time & Date Service.
[[0;32m  OK  [0m] Started Wait until snapd is fully seeded.
         Starting Apply the settings specified in cloud-config...
[   16.086118] cloud-init[1685]: Cloud-init v. 23.1.2-0ubuntu0~18.04.1 running 'modules:config' at Mon, 02 Jun 2025 19:15:11 +0000. Up 15.84 seconds.
[[0;32m  OK  [0m] Started Apply the settings specified in cloud-config.
[[0;32m  OK  [0m] Reached target Multi-User System.
         Starting Execute cloud user/final scripts...
[[0;32m  OK  [0m] Reached target Graphical Interface.
         Starting Update UTMP about System Runlevel Changes...
[[0;32m  OK  [0m] Started Update UTMP about System Runlevel Changes.
ci-info: no authorized SSH keys fingerprints found for user ubuntu.
<14>Jun  2 19:15:12 cloud-init: #############################################################
<14>Jun  2 19:15:12 cloud-init: -----BEGIN SSH HOST KEY FINGERPRINTS-----
<14>Jun  2 19:15:12 cloud-init: 1024 SHA256:B7FoK0QxL5yk7UulVNBfaDAFQZvq9Z+O1g2I2tKqUgo root@ubuntu-bionic (DSA)
<14>Jun  2 19:15:12 cloud-init: 256 SHA256:ofzBDevjMNGDOLKpbOGMXIUyOtu8fpOPl9YDdQOMVIE root@ubuntu-bionic (ECDSA)
<14>Jun  2 19:15:12 cloud-init: 256 SHA256:GwGkDYeCN8euYJSlgzN829Cfq84FTz7+dIiWR6xiy+E root@ubuntu-bionic (ED25519)
<14>Jun  2 19:15:12 cloud-init: 2048 SHA256:D2SL11N74f819i+FXuv62S3V+TejJIJnipNo3x2AQ0g root@ubuntu-bionic (RSA)
<14>Jun  2 19:15:12 cloud-init: -----END SSH HOST KEY FINGERPRINTS-----
<14>Jun  2 19:15:12 cloud-init: #############################################################
-----BEGIN SSH HOST KEY KEYS-----
ecdsa-sha2-nistp256 AAAAE2VjZHNhLXNoYTItbmlzdHAyNTYAAAAIbmlzdHAyNTYAAABBBCDk2Mmqvvcb5/cekalx7l/vYEY8iVB4+Dp0acJhS3J08lueiZBVrA2HRFlZlwTnfdBTXp0/Z40Q3tntJNpQUIw= root@ubuntu-bionic
ssh-ed25519 AAAAC3NzaC1lZDI1NTE5AAAAIF2lYHsTEI/gYb4ce4X+9KZS5Ezx6ZwXILoM4fSNzrDl root@ubuntu-bionic
ssh-rsa AAAAB3NzaC1yc2EAAAADAQABAAABAQC/AZ+/hcPGqy9LDEoVt9Nijk326d/Gud30zjgrvHrdVE2/zC9V4UI2sc2tipJY4iO9/v9AWQSOxkTGLp5ZYOtXvFzGupMNYZuWkR58sxRaXAo9DdcZA1K2Qr8FK+zI6jxvuWFI6YRorZ3JMJxZLwlQ09C5Mt8soXR1X/C/3CkZbUsK63/qKUT5gw+nrvvzNdHdjJZLd7hK7tGHtZcQQDPtoRPMPDPPDFQKyKWj+YBDWnWR9wQX+t0Pf3wKz/VudJSOowHcGDkBAVHU979/7GvXTtmcCN1INbcj4aBJo24Mb3ciAAQ6WnP79iT5r54nmGcSPqWm5KgIdaeq6XIWWcF3 root@ubuntu-bionic
-----END SSH HOST KEY KEYS-----
[   16.500848] cloud-init[1797]: Cloud-init v. 23.1.2-0ubuntu0~18.04.1 running 'modules:final' at Mon, 02 Jun 2025 19:15:12 +0000. Up 16.39 seconds.
[   16.501946] cloud-init[1797]: Cloud-init v. 23.1.2-0ubuntu0~18.04.1 finished at Mon, 02 Jun 2025 19:15:12 +0000. Datasource DataSourceNoCloud [seed=/dev/sdb][dsmode=net].  Up 16.49 seconds
[[0;32m  OK  [0m] Started Execute cloud user/final scripts.
[[0;32m  OK  [0m] Reached target Cloud-init target.

Ubuntu 18.04.6 LTS ubuntu-bionic ttyS0

ubuntu-bionic login: [64554.010080] e1000 0000:00:08.0 enp0s8: Reset adapter
[126971.172168] e1000 0000:00:08.0 enp0s8: Reset adapter
