[    0.000000] Linux version 4.15.0-212-generic (buildd@lcy02-amd64-083) (gcc version 7.5.0 (Ubuntu 7.5.0-3ubuntu1~18.04)) #223-Ubuntu SMP Tue May 23 13:09:22 UTC 2023 (Ubuntu 4.15.0-212.223-generic 4.15.18)
[    0.000000] Command line: BOOT_IMAGE=/boot/vmlinuz-4.15.0-212-generic root=LABEL=cloudimg-rootfs ro console=tty1 console=ttyS0
[    0.000000] KERNEL supported cpus:
[    0.000000]   Intel GenuineIntel
[    0.000000]   AMD AuthenticAMD
[    0.000000]   Centaur CentaurHauls
[    0.000000] x86/fpu: Supporting XSAVE feature 0x001: 'x87 floating point registers'
[    0.000000] x86/fpu: Supporting XSAVE feature 0x002: 'SSE registers'
[    0.000000] x86/fpu: Supporting XSAVE feature 0x004: 'AVX registers'
[    0.000000] x86/fpu: xstate_offset[2]:  576, xstate_sizes[2]:  256
[    0.000000] x86/fpu: Enabled xstate features 0x7, context size is 832 bytes, using 'standard' format.
[    0.000000] e820: BIOS-provided physical RAM map:
[    0.000000] BIOS-e820: [mem 0x0000000000000000-0x000000000009fbff] usable
[    0.000000] BIOS-e820: [mem 0x000000000009fc00-0x000000000009ffff] reserved
[    0.000000] BIOS-e820: [mem 0x00000000000f0000-0x00000000000fffff] reserved
[    0.000000] BIOS-e820: [mem 0x0000000000100000-0x000000003ffeffff] usable
[    0.000000] BIOS-e820: [mem 0x000000003fff0000-0x000000003fffffff] ACPI data
[    0.000000] BIOS-e820: [mem 0x00000000fec00000-0x00000000fec00fff] reserved
[    0.000000] BIOS-e820: [mem 0x00000000fee00000-0x00000000fee00fff] reserved
[    0.000000] BIOS-e820: [mem 0x00000000fffc0000-0x00000000ffffffff] reserved
[    0.000000] NX (Execute Disable) protection: active
[    0.000000] SMBIOS 2.5 present.
[    0.000000] DMI: innotek GmbH VirtualBox/VirtualBox, BIOS VirtualBox 12/01/2006
[    0.000000] Hypervisor detected: KVM
[    0.000000] e820: last_pfn = 0x3fff0 max_arch_pfn = 0x400000000
[    0.000000] x86/PAT: Configuration [0-7]: WB  WC  UC- UC  WB  WP  UC- WT  
[    0.000000] found SMP MP-table at [mem 0x0009fbf0-0x0009fbff]
[    0.000000] Scanning 1 areas for low memory corruption
[    0.000000] RAMDISK: [mem 0x359cb000-0x36cdcfff]
[    0.000000] ACPI: Early table checksum verification disabled
[    0.000000] ACPI: RSDP 0x00000000000E0000 000024 (v02 VBOX  )
[    0.000000] ACPI: XSDT 0x000000003FFF0030 00003C (v01 VBOX   VBOXXSDT 00000001 ASL  00000061)
[    0.000000] ACPI: FACP 0x000000003FFF00F0 0000F4 (v04 VBOX   VBOXFACP 00000001 ASL  00000061)
[    0.000000] ACPI: DSDT 0x000000003FFF0610 002353 (v02 VBOX   VBOXBIOS 00000002 INTL 20240927)
[    0.000000] ACPI: FACS 0x000000003FFF0200 000040
[    0.000000] ACPI: FACS 0x000000003FFF0200 000040
[    0.000000] ACPI: APIC 0x000000003FFF0240 00005C (v02 VBOX   VBOXAPIC 00000001 ASL  00000061)
[    0.000000] ACPI: SSDT 0x000000003FFF02A0 00036C (v01 VBOX   VBOXCPUT 00000002 INTL 20240927)
[    0.000000] ACPI: Reserving FACP table memory at [mem 0x3fff00f0-0x3fff01e3]
[    0.000000] ACPI: Reserving DSDT table memory at [mem 0x3fff0610-0x3fff2962]
[    0.000000] ACPI: Reserving FACS table memory at [mem 0x3fff0200-0x3fff023f]
[    0.000000] ACPI: Reserving FACS table memory at [mem 0x3fff0200-0x3fff023f]
[    0.000000] ACPI: Reserving APIC table memory at [mem 0x3fff0240-0x3fff029b]
[    0.000000] ACPI: Reserving SSDT table memory at [mem 0x3fff02a0-0x3fff060b]
[    0.000000] No NUMA configuration found
[    0.000000] Faking a node at [mem 0x0000000000000000-0x000000003ffeffff]
[    0.000000] NODE_DATA(0) allocated [mem 0x3ffc5000-0x3ffeffff]
[    0.000000] kvm-clock: cpu 0, msr 0:3ff44001, primary cpu clock
[    0.000000] kvm-clock: Using msrs 4b564d01 and 4b564d00
[    0.000000] kvm-clock: using sched offset of 2844311101 cycles
[    0.000000] clocksource: kvm-clock: mask: 0xffffffffffffffff max_cycles: 0x1cd42e4dffb, max_idle_ns: 881590591483 ns
[    0.000000] Zone ranges:
[    0.000000]   DMA      [mem 0x0000000000001000-0x0000000000ffffff]
[    0.000000]   DMA32    [mem 0x0000000001000000-0x000000003ffeffff]
[    0.000000]   Normal   empty
[    0.000000]   Device   empty
[    0.000000] Movable zone start for each node
[    0.000000] Early memory node ranges
[    0.000000]   node   0: [mem 0x0000000000001000-0x000000000009efff]
[    0.000000]   node   0: [mem 0x0000000000100000-0x000000003ffeffff]
[    0.000000] Reserved but unavailable: 104 pages
[    0.000000] Initmem setup node 0 [mem 0x0000000000001000-0x000000003ffeffff]
[    0.000000] ACPI: PM-Timer IO Port: 0x4008
[    0.000000] IOAPIC[0]: apic_id 2, version 32, address 0xfec00000, GSI 0-23
[    0.000000] ACPI: INT_SRC_OVR (bus 0 bus_irq 0 global_irq 2 dfl dfl)
[    0.000000] ACPI: INT_SRC_OVR (bus 0 bus_irq 9 global_irq 9 low level)
[    0.000000] Using ACPI (MADT) for SMP configuration information
[    0.000000] smpboot: Allowing 2 CPUs, 0 hotplug CPUs
[    0.000000] PM: Registered nosave memory: [mem 0x00000000-0x00000fff]
[    0.000000] PM: Registered nosave memory: [mem 0x0009f000-0x0009ffff]
[    0.000000] PM: Registered nosave memory: [mem 0x000a0000-0x000effff]
[    0.000000] PM: Registered nosave memory: [mem 0x000f0000-0x000fffff]
[    0.000000] e820: [mem 0x40000000-0xfebfffff] available for PCI devices
[    0.000000] Booting paravirtualized kernel on KVM
[    0.000000] clocksource: refined-jiffies: mask: 0xffffffff max_cycles: 0xffffffff, max_idle_ns: 7645519600211568 ns
[    0.000000] setup_percpu: NR_CPUS:8192 nr_cpumask_bits:2 nr_cpu_ids:2 nr_node_ids:1
[    0.000000] percpu: Embedded 50 pages/cpu s167936 r8192 d28672 u1048576
[    0.000000] PV qspinlock hash table entries: 256 (order: 0, 4096 bytes)
[    0.000000] Built 1 zonelists, mobility grouping on.  Total pages: 257913
[    0.000000] Policy zone: DMA32
[    0.000000] Kernel command line: BOOT_IMAGE=/boot/vmlinuz-4.15.0-212-generic root=LABEL=cloudimg-rootfs ro console=tty1 console=ttyS0
[    0.000000] Memory: 982644K/1048120K available (12300K kernel code, 2477K rwdata, 4324K rodata, 2480K init, 2720K bss, 65476K reserved, 0K cma-reserved)
[    0.000000] SLUB: HWalign=64, Order=0-3, MinObjects=0, CPUs=2, Nodes=1
[    0.000000] Kernel/User page tables isolation: enabled
[    0.000000] ftrace: allocating 39508 entries in 155 pages
[    0.004000] Hierarchical RCU implementation.
[    0.004000] 	RCU restricting CPUs from NR_CPUS=8192 to nr_cpu_ids=2.
[    0.004000] 	Tasks RCU enabled.
[    0.004000] RCU: Adjusting geometry for rcu_fanout_leaf=16, nr_cpu_ids=2
[    0.004000] NR_IRQS: 524544, nr_irqs: 440, preallocated irqs: 16
[    0.004000] random: crng init done
[    0.004000] Console: colour VGA+ 80x25
[    0.004000] console [tty1] enabled
[    0.004000] console [ttyS0] enabled
[    0.004000] ACPI: Core revision 20170831
[    0.004000] ACPI: 2 ACPI AML tables successfully acquired and loaded
[    0.004000] APIC: Switch to symmetric I/O mode setup
[    0.004000] x2apic enabled
[    0.004000] Switched APIC routing to physical x2apic.
[    0.004000] ..TIMER: vector=0x30 apic1=0 pin1=2 apic2=-1 pin2=-1
[    0.004000] tsc: Detected 2687.998 MHz processor
[    0.004000] Calibrating delay loop (skipped) preset value.. 5375.99 BogoMIPS (lpj=10751992)
[    0.004000] pid_max: default: 32768 minimum: 301
[    0.004000] Security Framework initialized
[    0.004000] Yama: becoming mindful.
[    0.004000] AppArmor: AppArmor initialized
[    0.008032] Dentry cache hash table entries: 131072 (order: 8, 1048576 bytes)
[    0.008835] Inode-cache hash table entries: 65536 (order: 7, 524288 bytes)
[    0.009542] Mount-cache hash table entries: 2048 (order: 2, 16384 bytes)
[    0.010213] Mountpoint-cache hash table entries: 2048 (order: 2, 16384 bytes)
[    0.011110] Last level iTLB entries: 4KB 0, 2MB 0, 4MB 0
[    0.011697] Last level dTLB entries: 4KB 0, 2MB 0, 4MB 0, 1GB 0
[    0.012006] Spectre V1 : Mitigation: usercopy/swapgs barriers and __user pointer sanitization
[    0.013025] Spectre V2 : Mitigation: Retpolines
[    0.013510] Spectre V2 : Spectre v2 / SpectreRSB mitigation: Filling RSB on context switch
[    0.014372] Spectre V2 : Spectre v2 / SpectreRSB : Filling RSB on VMEXIT
[    0.015059] Speculative Store Bypass: Vulnerable
[    0.016032] MDS: Mitigation: Clear CPU buffers
[    0.016656] Freeing SMP alternatives memory: 36K
[    0.126684] smpboot: CPU0: 12th Gen Intel(R) Core(TM) i7-12700H (family: 0x6, model: 0x9a, stepping: 0x3)
[    0.127861] Performance Events: unsupported p6 CPU model 154 no PMU driver, software events only.
[    0.128000] Hierarchical SRCU implementation.
[    0.128000] NMI watchdog: Perf event create on CPU 0 failed with -2
[    0.128000] NMI watchdog: Perf NMI watchdog permanently disabled
[    0.128034] smp: Bringing up secondary CPUs ...
[    0.128577] x86: Booting SMP configuration:
[    0.129029] .... node  #0, CPUs:      #1
[    0.004000] kvm-clock: cpu 1, msr 0:3ff44041, secondary cpu clock
[    0.132019] smp: Brought up 1 node, 2 CPUs
[    0.132505] smpboot: Max logical packages: 1
[    0.132967] smpboot: Total of 2 processors activated (10751.99 BogoMIPS)
[    0.133859] devtmpfs: initialized
[    0.133859] x86/mm: Memory block size: 128MB
[    0.133859] evm: security.selinux
[    0.133859] evm: security.SMACK64
[    0.133859] evm: security.SMACK64EXEC
[    0.136004] evm: security.SMACK64TRANSMUTE
[    0.136443] evm: security.SMACK64MMAP
[    0.136850] evm: security.apparmor
[    0.137226] evm: security.ima
[    0.137567] evm: security.capability
[    0.137990] clocksource: jiffies: mask: 0xffffffff max_cycles: 0xffffffff, max_idle_ns: 7645041785100000 ns
[    0.137990] futex hash table entries: 512 (order: 3, 32768 bytes)
[    0.140034] pinctrl core: initialized pinctrl subsystem
[    0.140942] RTC time:  5:03:39, date: 06/01/25
[    0.141497] NET: Registered protocol family 16
[    0.142011] audit: initializing netlink subsys (disabled)
[    0.142581] audit: type=2000 audit(1748754223.737:1): state=initialized audit_enabled=0 res=1
[    0.144008] cpuidle: using governor ladder
[    0.144457] cpuidle: using governor menu
[    0.144900] ACPI: bus type PCI registered
[    0.145332] acpiphp: ACPI Hot Plug PCI Controller Driver version: 0.5
[    0.146033] PCI: Using configuration type 1 for base access
[    0.146733] HugeTLB registered 2.00 MiB page size, pre-allocated 0 pages
[    0.148040] ACPI: Added _OSI(Module Device)
[    0.148493] ACPI: Added _OSI(Processor Device)
[    0.148971] ACPI: Added _OSI(3.0 _SCP Extensions)
[    0.149462] ACPI: Added _OSI(Processor Aggregator Device)
[    0.150018] ACPI: Added _OSI(Linux-Dell-Video)
[    0.150500] ACPI: Added _OSI(Linux-Lenovo-NV-HDMI-Audio)
[    0.151065] ACPI: Added _OSI(Linux-HPI-Hybrid-Graphics)
[    0.152163] ACPI: Executed 1 blocks of module-level executable AML code
[    0.154618] ACPI: Interpreter enabled
[    0.155037] ACPI: (supports S0 S5)
[    0.155416] ACPI: Using IOAPIC for interrupt routing
[    0.156005] PCI: Using host bridge windows from ACPI; if necessary, use "pci=nocrs" and report a bug
[    0.157178] ACPI: Enabled 2 GPEs in block 00 to 07
[    0.160729] ACPI: PCI Root Bridge [PCI0] (domain 0000 [bus 00-ff])
[    0.161426] acpi PNP0A03:00: _OSC: OS supports [ASPM ClockPM Segments MSI]
[    0.162359] acpi PNP0A03:00: _OSC: not requesting OS control; OS requires [ExtendedConfig ASPM ClockPM MSI]
[    0.163370] acpi PNP0A03:00: fail to add MMCONFIG information, can't access extended PCI configuration space under this bridge.
[    0.164188] PCI host bridge to bus 0000:00
[    0.164667] pci_bus 0000:00: root bus resource [io  0x0000-0x0cf7 window]
[    0.165346] pci_bus 0000:00: root bus resource [io  0x0d00-0xffff window]
[    0.166028] pci_bus 0000:00: root bus resource [mem 0x000a0000-0x000bffff window]
[    0.166810] pci_bus 0000:00: root bus resource [mem 0x40000000-0xfdffffff window]
[    0.168001] pci_bus 0000:00: root bus resource [bus 00-ff]
[    0.169592] pci 0000:00:01.1: legacy IDE quirk: reg 0x10: [io  0x01f0-0x01f7]
[    0.170796] pci 0000:00:01.1: legacy IDE quirk: reg 0x14: [io  0x03f6]
[    0.171462] pci 0000:00:01.1: legacy IDE quirk: reg 0x18: [io  0x0170-0x0177]
[    0.172001] pci 0000:00:01.1: legacy IDE quirk: reg 0x1c: [io  0x0376]
[    0.180635] pci 0000:00:07.0: quirk: [io  0x4000-0x403f] claimed by PIIX4 ACPI
[    0.181438] pci 0000:00:07.0: quirk: [io  0x4100-0x410f] claimed by PIIX4 SMB
[    0.187041] ACPI: PCI Interrupt Link [LNKA] (IRQs 5 9 10 *11)
[    0.187880] ACPI: PCI Interrupt Link [LNKB] (IRQs 5 9 *10 11)
[    0.188064] ACPI: PCI Interrupt Link [LNKC] (IRQs 5 *9 10 11)
[    0.188710] ACPI: PCI Interrupt Link [LNKD] (IRQs 5 9 10 *11)
[    0.189617] SCSI subsystem initialized
[    0.190157] pci 0000:00:02.0: vgaarb: setting as boot VGA device
[    0.190157] pci 0000:00:02.0: vgaarb: VGA device added: decodes=io+mem,owns=io+mem,locks=none
[    0.192007] pci 0000:00:02.0: vgaarb: bridge control possible
[    0.192589] vgaarb: loaded
[    0.192925] ACPI: bus type USB registered
[    0.193362] usbcore: registered new interface driver usbfs
[    0.193927] usbcore: registered new interface driver hub
[    0.194476] usbcore: registered new device driver usb
[    0.195029] EDAC MC: Ver: 3.0.0
[    0.195029] PCI: Using ACPI for IRQ routing
[    0.196170] NetLabel: Initializing
[    0.196547] NetLabel:  domain hash size = 128
[    0.197009] NetLabel:  protocols = UNLABELED CIPSOv4 CALIPSO
[    0.197596] NetLabel:  unlabeled traffic allowed by default
[    0.198174] clocksource: Switched to clocksource kvm-clock
[    0.203046] VFS: Disk quotas dquot_6.6.0
[    0.203577] VFS: Dquot-cache hash table entries: 512 (order 0, 4096 bytes)
[    0.204054] AppArmor: AppArmor Filesystem Enabled
[    0.204054] pnp: PnP ACPI init
[    0.204054] pnp: PnP ACPI: found 3 devices
[    0.212584] clocksource: acpi_pm: mask: 0xffffff max_cycles: 0xffffff, max_idle_ns: 2085701024 ns
[    0.213625] NET: Registered protocol family 2
[    0.214175] IP idents hash table entries: 16384 (order: 5, 131072 bytes)
[    0.215322] TCP established hash table entries: 8192 (order: 4, 65536 bytes)
[    0.216142] TCP bind hash table entries: 8192 (order: 5, 131072 bytes)
[    0.216870] TCP: Hash tables configured (established 8192 bind 8192)
[    0.217521] UDP hash table entries: 512 (order: 2, 16384 bytes)
[    0.218116] UDP-Lite hash table entries: 512 (order: 2, 16384 bytes)
[    0.218768] NET: Registered protocol family 1
[    0.219234] pci 0000:00:00.0: Limiting direct PCI/PCI transfers
[    0.219849] pci 0000:00:01.0: Activating ISA DMA hang workarounds
[    0.220501] pci 0000:00:02.0: Video device with shadowed ROM at [mem 0x000c0000-0x000dffff]
[    0.221418] Unpacking initramfs...
[    0.224470] Freeing initrd memory: 19528K
[    0.224470] clocksource: tsc: mask: 0xffffffffffffffff max_cycles: 0x26bef4a354e, max_idle_ns: 440795213564 ns
[    0.224470] platform rtc_cmos: registered platform RTC device (no PNP device found)
[    0.224470] Scanning for low memory corruption every 60 seconds
[    0.435735] Initialise system trusted keyrings
[    0.436265] Key type blacklist registered
[    0.436713] workingset: timestamp_bits=36 max_order=18 bucket_order=0
[    0.437774] zbud: loaded
[    0.438555] squashfs: version 4.0 (2009/01/31) Phillip Lougher
[    0.439440] fuse init (API version 7.26)
[    0.440840] Key type asymmetric registered
[    0.441396] Asymmetric key parser 'x509' registered
[    0.441962] Block layer SCSI generic (bsg) driver version 0.4 loaded (major 246)
[    0.442801] io scheduler noop registered
[    0.443265] io scheduler deadline registered
[    0.443840] io scheduler cfq registered (default)
[    0.444617] ACPI: AC Adapter [AC] (on-line)
[    0.445092] input: Power Button as /devices/LNXSYSTM:00/LNXPWRBN:00/input/input0
[    0.445947] ACPI: Power Button [PWRF]
[    0.446384] input: Sleep Button as /devices/LNXSYSTM:00/LNXSLPBN:00/input/input1
[    0.447170] ACPI: Sleep Button [SLPF]
[    0.448166] ACPI: Battery Slot [BAT0] (battery present)
[    0.448900] Serial: 8250/16550 driver, 32 ports, IRQ sharing enabled
[    0.470025] 00:02: ttyS0 at I/O 0x3f8 (irq = 4, base_baud = 115200) is a 16550A
[    0.471866] Linux agpgart interface v0.103
[    0.473408] loop: module loaded
[    0.474120] scsi host0: ata_piix
[    0.474517] scsi host1: ata_piix
[    0.474878] ata1: PATA max UDMA/33 cmd 0x1f0 ctl 0x3f6 bmdma 0xd000 irq 14
[    0.475716] ata2: PATA max UDMA/33 cmd 0x170 ctl 0x376 bmdma 0xd008 irq 15
[    0.476444] tun: Universal TUN/TAP device driver, 1.6
[    0.477152] PPP generic driver version 2.4.2
[    0.477729] ehci_hcd: USB 2.0 'Enhanced' Host Controller (EHCI) Driver
[    0.478394] ehci-pci: EHCI PCI platform driver
[    0.478841] ehci-platform: EHCI generic platform driver
[    0.479341] ohci_hcd: USB 1.1 'Open' Host Controller (OHCI) Driver
[    0.479966] ohci-pci: OHCI PCI platform driver
[    0.480459] ohci-platform: OHCI generic platform driver
[    0.480982] uhci_hcd: USB Universal Host Controller Interface driver
[    0.481622] i8042: PNP: PS/2 Controller [PNP0303:PS2K,PNP0f03:PS2M] at 0x60,0x64 irq 1,12
[    0.482870] serio: i8042 KBD port at 0x60,0x64 irq 1
[    0.483467] serio: i8042 AUX port at 0x60,0x64 irq 12
[    0.484142] mousedev: PS/2 mouse device common for all mice
[    0.485076] input: AT Translated Set 2 keyboard as /devices/platform/i8042/serio0/input/input2
[    0.486131] rtc_cmos rtc_cmos: rtc core: registered rtc_cmos as rtc0
[    0.486875] rtc_cmos rtc_cmos: alarms up to one day, 114 bytes nvram
[    0.487614] i2c /dev entries driver
[    0.488129] device-mapper: uevent: version 1.0.3
[    0.488673] device-mapper: ioctl: 4.37.0-ioctl (2017-09-20) initialised: dm-devel@redhat.com
[    0.489625] ledtrig-cpu: registered to indicate activity on CPUs
[    0.490525] NET: Registered protocol family 10
[    0.493200] Segment Routing with IPv6
[    0.493723] NET: Registered protocol family 17
[    0.494228] Key type dns_resolver registered
[    0.494969] mce: Using 0 MCE banks
[    0.495502] RAS: Correctable Errors collector initialized.
[    0.496258] sched_clock: Marking stable (496234887, 0)->(596873789, -100638902)
[    0.497350] registered taskstats version 1
[    0.497876] Loading compiled-in X.509 certificates
[    0.499638] Loaded X.509 cert 'Build time autogenerated kernel key: b5b26778eaa3ab3a4a6cee031137706e947d12ad'
[    0.501144] Loaded X.509 cert 'Canonical Ltd. Live Patch Signing: 14df34d1a87cf37625abec039ef2bf521249b969'
[    0.502415] Loaded X.509 cert 'Canonical Ltd. Kernel Module Signing: 88f752e560a1e0737e31163a466ad7b70a850c19'
[    0.503434] blacklist: Loading compiled-in revocation X.509 certificates
[    0.504137] Loaded X.509 cert 'Canonical Ltd. Secure Boot Signing: 61482aa2830d0ab2ad5af10b7250da9033ddcef0'
[    0.505282] Loaded X.509 cert 'Canonical Ltd. Secure Boot Signing (2017): 242ade75ac4a15e50d50c84b0d45ff3eae707a03'
[    0.506360] Loaded X.509 cert 'Canonical Ltd. Secure Boot Signing (ESM 2018): 365188c1d374d6b07c3c8f240f8ef722433d6a8b'
[    0.507458] Loaded X.509 cert 'Canonical Ltd. Secure Boot Signing (2019): c0746fd6c5da3ae827864651ad66ae47fe24b3e8'
[    0.508529] Loaded X.509 cert 'Canonical Ltd. Secure Boot Signing (2021 v1): a8d54bbb3825cfb94fa13c9f8a594a195c107b8d'
[    0.509587] Loaded X.509 cert 'Canonical Ltd. Secure Boot Signing (2021 v2): 4cf046892d6fd3c9a5b03f98d845f90851dc6a8c'
[    0.510663] Loaded X.509 cert 'Canonical Ltd. Secure Boot Signing (2021 v3): 100437bb6de6e469b581e61cd66bce3ef4ed53af'
[    0.511878] Loaded X.509 cert 'Canonical Ltd. Secure Boot Signing (Ubuntu Core 2019): c1d57b8f6b743f23ee41f4f7ee292f06eecadfb9'
[    0.513076] zswap: loaded using pool lzo/zbud
[    0.515501] Key type big_key registered
[    0.515918] Key type trusted registered
[    0.517237] Key type encrypted registered
[    0.517716] AppArmor: AppArmor sha1 policy hashing enabled
[    0.518285] ima: No TPM chip found, activating TPM-bypass! (rc=-19)
[    0.519073] ima: Allocated hash algorithm: sha1
[    0.519568] evm: HMAC attrs: 0x1
[    0.520116]   Magic number: 13:115:61
[    0.520599] rtc_cmos rtc_cmos: setting system clock to 2025-06-01 05:03:39 UTC (1748754219)
[    0.521545] BIOS EDD facility v0.16 2004-Jun-25, 0 devices found
[    0.522152] EDD information not available.
[    0.660202] Freeing unused kernel image memory: 2480K
[    0.672064] Write protecting the kernel read-only data: 20480k
[    0.673511] Freeing unused kernel image memory: 2008K
[    0.674336] Freeing unused kernel image memory: 1820K
[    0.678130] x86/mm: Checked W+X mappings: passed, no W+X pages found.
[    0.678847] x86/mm: Checking user space page tables
[    0.682646] x86/mm: Checked W+X mappings: passed, no W+X pages found.
Loading, please wait...
starting version 237
[    0.717686] e1000: Intel(R) PRO/1000 Network Driver - version 7.3.21-k8-NAPI
[    0.718501] e1000: Copyright (c) 1999-2006 Intel Corporation.
[    0.724702] Fusion MPT base driver 3.04.20
[    0.725180] Copyright (c) 1999-2008 LSI Corporation
[    0.727502] Fusion MPT SPI Host driver 3.04.20
[    0.738118] AVX2 version of gcm_enc/dec engaged.
[    0.738708] AES CTR mode by8 optimization enabled
[    0.949068] input: ImExPS/2 Generic Explorer Mouse as /devices/platform/i8042/serio1/input/input4
[    1.074872] e1000 0000:00:03.0 eth0: (PCI:33MHz:32-bit) 02:3b:7b:b7:3b:2d
[    1.075871] e1000 0000:00:03.0 eth0: Intel(R) PRO/1000 Network Connection
[    1.077225] mptbase: ioc0: Initiating bringup
[    1.752605] ioc0: LSI53C1030 A0: Capabilities={Initiator}
[    3.983962] scsi host2: ioc0: LSI53C1030 A0, FwRev=00000000h, Ports=1, MaxQ=256, IRQ=20
[    5.045907] scsi 2:0:0:0: Direct-Access     VBOX     HARDDISK         1.0  PQ: 0 ANSI: 5
[    5.080192] scsi target2:0:0: Beginning Domain Validation
[    5.082605] scsi target2:0:0: Domain Validation skipping write tests
[    5.084552] scsi target2:0:0: Ending Domain Validation
[    5.085505] scsi target2:0:0: asynchronous
[    5.087792] scsi 2:0:1:0: Direct-Access     VBOX     HARDDISK         1.0  PQ: 0 ANSI: 5
[    5.348018] scsi target2:0:1: Beginning Domain Validation
[    5.349457] scsi target2:0:1: Domain Validation skipping write tests
[    5.350200] scsi target2:0:1: Ending Domain Validation
[    5.350899] scsi target2:0:1: asynchronous
[    5.353321] sd 2:0:0:0: Attached scsi generic sg0 type 0
[    5.354008] sd 2:0:0:0: [sda] 83886080 512-byte logical blocks: (42.9 GB/40.0 GiB)
[    5.355066] sd 2:0:0:0: [sda] Write Protect is off
[    5.355682] sd 2:0:0:0: [sda] Incomplete mode parameter data
[    5.356308] sd 2:0:0:0: [sda] Assuming drive cache: write through
[    5.357021] sd 2:0:1:0: Attached scsi generic sg1 type 0
[    5.357641] sd 2:0:1:0: [sdb] 20480 512-byte logical blocks: (10.5 MB/10.0 MiB)
[    5.358493] sd 2:0:1:0: [sdb] Write Protect is off
[    5.359160] sd 2:0:1:0: [sdb] Incomplete mode parameter data
[    5.359755] sd 2:0:1:0: [sdb] Assuming drive cache: write through
[    5.360973]  sda: sda1
[    5.361656] sd 2:0:0:0: [sda] Attached SCSI disk
[    5.362461] sd 2:0:1:0: [sdb] Attached SCSI disk
[    5.390999] e1000 0000:00:08.0 eth1: (PCI:33MHz:32-bit) 08:00:27:97:53:ab
[    5.391788] e1000 0000:00:08.0 eth1: Intel(R) PRO/1000 Network Connection
[    5.393237] e1000 0000:00:08.0 enp0s8: renamed from eth1
[    5.408202] e1000 0000:00:03.0 enp0s3: renamed from eth0
Begin: Loading essential drivers ... [    7.368065] raid6: sse2x1   gen() 20086 MB/s
[    7.416039] raid6: sse2x1   xor() 13818 MB/s
[    7.464037] raid6: sse2x2   gen() 25743 MB/s
[    7.512013] raid6: sse2x2   xor() 16087 MB/s
[    7.560049] raid6: sse2x4   gen() 28885 MB/s
[    7.608015] raid6: sse2x4   xor() 13647 MB/s
[    7.656018] raid6: avx2x1   gen() 37952 MB/s
[    7.704005] raid6: avx2x1   xor() 26946 MB/s
[    7.752021] raid6: avx2x2   gen() 38533 MB/s
[    7.800056] raid6: avx2x2   xor() 29846 MB/s
[    7.848057] raid6: avx2x4   gen() 38380 MB/s
[    7.896171] raid6: avx2x4   xor() 14940 MB/s
[    7.896673] raid6: using algorithm avx2x2 gen() 38533 MB/s
[    7.897237] raid6: .... xor() 29846 MB/s, rmw enabled
[    7.897768] raid6: using avx2x2 recovery algorithm
[    7.899769] xor: automatically using best checksumming function   avx       
[    7.902120] async_tx: api initialized (async)
done.
Begin: Running /scripts/init-premount ... done.
Begin: Mounting root file system ... Begin: Running /scripts/local-top ... done.
Begin: Running /scripts/local-premount ... [    7.928745] Btrfs loaded, crc32c=crc32c-intel
Scanning for Btrfs filesystems
done.
Warning: fsck not present, so skipping root file system
[    7.943066] EXT4-fs (sda1): mounted filesystem with ordered data mode. Opts: (null)
done.
Begin: Running /scripts/local-bottom ... done.
Begin: Running /scripts/init-bottom ... done.
[    8.043438] ip_tables: (C) 2000-2006 Netfilter Core Team
[    8.049353] systemd[1]: systemd 237 running in system mode. (+PAM +AUDIT +SELINUX +IMA +APPARMOR +SMACK +SYSVINIT +UTMP +LIBCRYPTSETUP +GCRYPT +GNUTLS +ACL +XZ +LZ4 +SECCOMP +BLKID +ELFUTILS +KMOD -IDN2 +IDN -PCRE2 default-hierarchy=hybrid)
[    8.054285] systemd[1]: Detected virtualization oracle.
[    8.055023] systemd[1]: Detected architecture x86-64.

Welcome to [1mUbuntu 18.04.6 LTS[0m!

[    8.058206] systemd[1]: Set hostname to <ubuntu>.
[    8.059368] systemd[1]: Initializing machine ID from random generator.
[    8.060061] systemd[1]: Installed transient /etc/machine-id file.
[    8.184519] systemd[1]: Set up automount Arbitrary Executable File Formats File System Automount Point.
[[0;32m  OK  [0m] Set up automount Arbitrary Executabâ€¦rmats File System Automount Point.
[    8.186240] systemd[1]: Started Forward Password Requests to Wall Directory Watch.
[[0;32m  OK  [0m] Started Forward Password Requests to Wall Directory Watch.
[    8.187913] systemd[1]: Reached target User and Group Name Lookups.
[[0;32m  OK  [0m] Reached target User and Group Name Lookups.
[    8.189307] systemd[1]: Reached target Swap.
[[0;32m  OK  [0m] Reached target Swap.
[[0;32m  OK  [0m] Reached target Mounting snaps.
[[0;32m  OK  [0m] Created slice System Slice.
[[0;32m  OK  [0m] Listening on LVM2 poll daemon socket.
[[0;32m  OK  [0m] Listening on Syslog Socket.
[[0;32m  OK  [0m] Listening on udev Kernel Socket.
[[0;32m  OK  [0m] Listening on fsck to fsckd communication Socket.
[[0;32m  OK  [0m] Listening on Journal Audit Socket.
[[0;32m  OK  [0m] Listening on udev Control Socket.
[[0;32m  OK  [0m] Listening on Journal Socket.
         Mounting Kernel Debug File System...
         Starting File System Check on Root Device...
         Starting Uncomplicated firewall...
         Starting Create list of required stâ€¦ce nodes for the current kernel...
         Mounting Huge Pages File System...
         Starting Load Kernel Modules...
[[0;32m  OK  [0m] Created slice system-serial\x2dgetty.slice.
         Starting Set the console keyboard layout...
         Mounting POSIX Message Queue File System...
[    8.226582] Loading iSCSI transport class v2.0-870.
[[0;32m  OK  [0m] Reached target System Time Synchronized.
[    8.230073] iscsi: registered transport (tcp)
[[0;32m  OK  [0m] Reached target Mounted snaps.
[[0;32m  OK  [0m] Listening on /dev/initctl Compatibility Named Pipe.
[    8.238926] iscsi: registered transport (iser)
[[0;32m  OK  [0m] Created slice User and Session Slice.
[[0;32m  OK  [0m] Reached target Slices.
[[0;32m  OK  [0m] Listening on LVM2 metadata daemon socket.
[[0;32m  OK  [0m] Listening on Device-mapper event daemon FIFOs.
         Starting Monitoring of LVM2 mirrorsâ€¦ng dmeventd or progress polling...
[[0;32m  OK  [0m] Listening on Network Service Netlink Socket.
[[0;32m  OK  [0m] Listening on Journal Socket (/dev/log).
         Starting Journal Service...
         Starting udev Coldplug all Devices...
[[0;32m  OK  [0m] Mounted Kernel Debug File System.
[[0;32m  OK  [0m] Started File System Check on Root Device.
[[0;32m  OK  [0m] Started Uncomplicated firewall.
[[0;32m  OK  [0m] Started Create list of required staâ€¦vice nodes for the current kernel.
[[0;32m  OK  [0m] Mounted Huge Pages File System.
[[0;32m  OK  [0m] Started Load Kernel Modules.
[[0;32m  OK  [0m] Mounted POSIX Message Queue File System.
[[0;32m  OK  [0m] Started File System Check Daemon to report status.
         Mounting Kernel Configuration File System...
         Mounting FUSE Control File System...
         Starting Apply Kernel Variables...
         Starting Create Static Device Nodes in /dev...
         Starting Remount Root and Kernel File Systems...
[[0;32m  OK  [0m] Mounted Kernel Configuration File System.
[[0;32m  OK  [0m] Mounted FUSE Control File System.
[[0;32m  OK  [0m] Started LVM2 metadata daemon.
[[0;32m  OK  [0m] Started Journal Service.
[[0;32m  OK  [0m] Started udev Coldplug all Devices.
[[0;32m  OK  [0m] Started Create Static Device Nodes in /dev.
[[0;32m  OK  [0m] Started Remount Root and Kernel File Systems.
[[0;32m  OK  [0m] Started Apply Kernel Variables.
         Starting udev Kernel Device Manager...
         Starting Load/Save Random Seed...
         Starting Flush Journal to Persistent Storage...
[[0;32m  OK  [0m] Started Monitoring of LVM2 mirrors,â€¦sing dmeventd or progress polling.
[[0;32m  OK  [0m] Started Load/Save Random Seed.
[[0;32m  OK  [0m] Started udev Kernel Device Manager.
[[0;32m  OK  [0m] Started Flush Journal to Persistent Storage.
[[0;32m  OK  [0m] Found device /dev/ttyS0.
[[0;32m  OK  [0m] Listening on Load/Save RF Kill Switch Status /dev/rfkill Watch.
         Mounting Arbitrary Executable File Formats File System...
[[0;32m  OK  [0m] Mounted Arbitrary Executable File Formats File System.
[[0;32m  OK  [0m] Started Set the console keyboard layout.
[[0;32m  OK  [0m] Started Dispatch Password Requests to Console Directory Watch.
[[0;32m  OK  [0m] Reached target Local Encrypted Volumes.
[[0;32m  OK  [0m] Reached target Local File Systems (Pre).
[[0;32m  OK  [0m] Reached target Local File Systems.
         Starting Tell Plymouth To Write Out Runtime Data...
         Starting Set console font and keymap...
         Starting Create Volatile Files and Directories...
         Starting ebtables ruleset management...
         Starting Commit a transient machine-id on disk...
         Starting AppArmor initialization...
[[0;32m  OK  [0m] Started Tell Plymouth To Write Out Runtime Data.
[[0;32m  OK  [0m] Started Create Volatile Files and Directories.
         Starting Update UTMP about System Boot/Shutdown...
[[0;32m  OK  [0m] Started Update UTMP about System Boot/Shutdown.
[[0;32m  OK  [0m] Started Commit a transient machine-id on disk.
[[0;32m  OK  [0m] Started ebtables ruleset management.
[[0;32m  OK  [0m] Started AppArmor initialization.
         Starting Initial cloud-init job (pre-networking)...
         Starting Load AppArmor profiles managed internally by snapd...
[[0;32m  OK  [0m] Started Load AppArmor profiles managed internally by snapd.
[[0;32m  OK  [0m] Started Set console font and keymap.
[   10.295677] cloud-init[712]: Cloud-init v. 23.1.2-0ubuntu0~18.04.1 running 'init-local' at Sun, 01 Jun 2025 05:03:49 +0000. Up 10.09 seconds.
[[0;32m  OK  [0m] Started Initial cloud-init job (pre-networking).
[[0;32m  OK  [0m] Reached target Network (Pre).
         Starting Network Service...
[[0;32m  OK  [0m] Started Network Service.
         Starting Network Name Resolution...
         Starting Wait for Network to be Configured...
[[0;32m  OK  [0m] Started Network Name Resolution.
[[0;32m  OK  [0m] Reached target Network.
[[0;32m  OK  [0m] Reached target Host and Network Name Lookups.
[[0;32m  OK  [0m] Started Wait for Network to be Configured.
         Starting Initial cloud-init job (metadata service crawler)...
[   12.256468] cloud-init[1016]: Cloud-init v. 23.1.2-0ubuntu0~18.04.1 running 'init' at Sun, 01 Jun 2025 05:03:51 +0000. Up 12.19 seconds.
[   12.268226] cloud-init[1016]: ci-info: ++++++++++++++++++++++++++++++++++++++++++++Net device info++++++++++++++++++++++++++++++++++++++++++++
[   12.268823] cloud-init[1016]: ci-info: +--------+-------+---------------------------------------+---------------+--------+-------------------+
[   12.269730] cloud-init[1016]: ci-info: | Device |   Up  |                Address                |      Mask     | Scope  |     Hw-Address    |
[   12.270800] cloud-init[1016]: ci-info: +--------+-------+---------------------------------------+---------------+--------+-------------------+
[   12.271397] cloud-init[1016]: ci-info: | enp0s3 |  True |               10.0.2.15               | 255.255.255.0 | global | 02:3b:7b:b7:3b:2d |
[   12.272020] cloud-init[1016]: ci-info: | enp0s3 |  True | fd17:625c:f037:2:3b:7bff:feb7:3b2d/64 |       .       | global | 02:3b:7b:b7:3b:2d |
[   12.272759] cloud-init[1016]: ci-info: | enp0s3 |  True |       fe80::3b:7bff:feb7:3b2d/64      |       .       |  link  | 02:3b:7b:b7:3b:2d |
[   12.273602] cloud-init[1016]: ci-info: | enp0s8 | False |                   .                   |       .       |   .    | 08:00:27:97:53:ab |
[   12.274468] cloud-init[1016]: ci-info: |   lo   |  True |               127.0.0.1               |   255.0.0.0   |  host  |         .         |
[   12.275203] cloud-init[1016]: ci-info: |   lo   |  True |                ::1/128                |       .       |  host  |         .         |
[   12.275946] cloud-init[1016]: ci-info: +--------+-------+---------------------------------------+---------------+--------+-------------------+
[   12.276824] cloud-init[1016]: ci-info: ++++++++++++++++++++++++++++Route IPv4 info+++++++++++++++++++++++++++++
[   12.277516] cloud-init[1016]: ci-info: +-------+-------------+----------+-----------------+-----------+-------+
[   12.278217] cloud-init[1016]: ci-info: | Route | Destination | Gateway  |     Genmask     | Interface | Flags |
[   12.278856] cloud-init[1016]: ci-info: +-------+-------------+----------+-----------------+-----------+-------+
[   12.279656] cloud-init[1016]: ci-info: |   0   |   0.0.0.0   | 10.0.2.2 |     0.0.0.0     |   enp0s3  |   UG  |
[   12.280413] cloud-init[1016]: ci-info: |   1   |   10.0.2.0  | 0.0.0.0  |  255.255.255.0  |   enp0s3  |   U   |
[   12.281311] cloud-init[1016]: ci-info: |   2   |   10.0.2.2  | 0.0.0.0  | 255.255.255.255 |   enp0s3  |   UH  |
[   12.281968] cloud-init[1016]: ci-info: +-------+-------------+----------+-----------------+-----------+-------+
[   12.282706] cloud-init[1016]: ci-info: ++++++++++++++++++++++++Route IPv6 info++++++++++++++++++++++++
[   12.283380] cloud-init[1016]: ci-info: +-------+-----------------------+---------+-----------+-------+
[   12.285514] cloud-init[1016]: ci-info: | Route |      Destination      | Gateway | Interface | Flags |
[   12.286200] cloud-init[1016]: ci-info: +-------+-----------------------+---------+-----------+-------+
[   12.286863] cloud-init[1016]: ci-info: |   1   | fd17:625c:f037:2::/64 |    ::   |   enp0s3  |   U   |
[   12.287460] cloud-init[1016]: ci-info: |   2   |       fe80::/64       |    ::   |   enp0s3  |   U   |
[   12.300869] cloud-init[1016]: ci-info: |   3   |          ::/0         | fe80::2 |   enp0s3  |   UG  |
[   12.302416] cloud-init[1016]: ci-info: |   5   |         local         |    ::   |   enp0s3  |   U   |
[   12.303205] cloud-init[1016]: ci-info: |   6   |        ff00::/8       |    ::   |   enp0s3  |   U   |
[   12.304484] cloud-init[1016]: ci-info: +-------+-----------------------+---------+-----------+-------+
[   12.936254] cloud-init[1016]: Generating public/private rsa key pair.
[   12.936886] cloud-init[1016]: Your identification has been saved in /etc/ssh/ssh_host_rsa_key.
[   12.937356] cloud-init[1016]: Your public key has been saved in /etc/ssh/ssh_host_rsa_key.pub.
[   12.937990] cloud-init[1016]: The key fingerprint is:
[   12.938341] cloud-init[1016]: SHA256:CgOVmGFaZV28BZr4W24gn+1HmffHjgU4qPCc8LhwY+I root@ubuntu-bionic
[   12.938879] cloud-init[1016]: The key's randomart image is:
[   12.939214] cloud-init[1016]: +---[RSA 2048]----+
[   12.939517] cloud-init[1016]: |  +=+o oo.       |
[   12.939820] cloud-init[1016]: | +oo...o. .      |
[   12.940129] cloud-init[1016]: |. . . o  o       |
[   12.940443] cloud-init[1016]: |   . .  .  . .   |
[   12.940749] cloud-init[1016]: |    + = S .oo .  |
[   12.941047] cloud-init[1016]: |     = / o+ .. . |
[   12.941345] cloud-init[1016]: |    o X X. . . ..|
[   12.941666] cloud-init[1016]: |   . = =  .   .oo|
[   12.941950] cloud-init[1016]: |    E . ..    .o.|
[   12.942234] cloud-init[1016]: +----[SHA256]-----+
[   12.942652] cloud-init[1016]: Generating public/private dsa key pair.
[   12.943088] cloud-init[1016]: Your identification has been saved in /etc/ssh/ssh_host_dsa_key.
[   12.943663] cloud-init[1016]: Your public key has been saved in /etc/ssh/ssh_host_dsa_key.pub.
[   12.944375] cloud-init[1016]: The key fingerprint is:
[   12.944811] cloud-init[1016]: SHA256:sLhFMB610rqDNVcHpwlbqk2+vo2AeAEXSpL2BNaSCDM root@ubuntu-bionic
[   12.945531] cloud-init[1016]: The key's randomart image is:
[   12.945974] cloud-init[1016]: +---[DSA 1024]----+
[   12.946340] cloud-init[1016]: |E== +.o o .      |
[   12.946734] cloud-init[1016]: |*B = = * =       |
[   12.947110] cloud-init[1016]: |+ = o O + .      |
[   12.947479] cloud-init[1016]: | o . X + .       |
[   12.947855] cloud-init[1016]: |  . * * S        |
[   12.948273] cloud-init[1016]: | . = * .         |
[   12.948684] cloud-init[1016]: |. + = .          |
[   12.949023] cloud-init[1016]: | .   + o         |
[   12.949354] cloud-init[1016]: |      +..        |
[   12.949716] cloud-init[1016]: +----[SHA256]-----+
[   12.950048] cloud-init[1016]: Generating public/private ecdsa key pair.
[   12.950470] cloud-init[1016]: Your identification has been saved in /etc/ssh/ssh_host_ecdsa_key.
[   12.951080] cloud-init[1016]: Your public key has been saved in /etc/ssh/ssh_host_ecdsa_key.pub.
[   12.951664] cloud-init[1016]: The key fingerprint is:
[   12.951997] cloud-init[1016]: SHA256:0gzm3waGtxuo78kOIFZ9hnyvhMGmE9limw3PwsiqqtQ root@ubuntu-bionic
[   12.952572] cloud-init[1016]: The key's randomart image is:
[   12.952959] cloud-init[1016]: +---[ECDSA 256]---+
[   12.953320] cloud-init[1016]: |                 |
[   12.953669] cloud-init[1016]: |    * .          |
[   12.954019] cloud-init[1016]: |   B Oo+         |
[[0;32m  OK  [0m] Started Initial cloud-init job (metadata service crawler).
[   12.980909] cloud-init[1016]: |. = %o*=.        |
[   12.982128] cloud-init[1016]: |.+.B =+.S.       |
[   12.982607] cloud-init[1016]: |o...o .*.+       |
[   12.982901] cloud-init[1016]: |.. E. ..+ o      |
[   12.983241] cloud-init[1016]: |o    + . +       |
[[   12.983583] cloud-init[1016]: |*   .+* .        |
[   12.983633] cloud-init[1016]: +----[SHA256]-----+
[   12.983946] cloud-init[1016]: Generating public/private ed25519 key pair.
[   12.984155] cloud-init[1016]: Your identification has been saved in /etc/ssh/ssh_host_ed25519_key.
[   12.984388] cloud-init[1016]: Your public key has been saved in /etc/ssh/ssh_host_ed25519_key.pub.
[   12.984608] cloud-init[1016]: The key fingerprint is:
[   12.984832] cloud-init[1016]: SHA256:jvK0akmo6fSAVlXJa6yWyaU0wJ44D+0lFI7/gU3zVVY root@ubuntu-bionic
[   12.985060] cloud-init[1016]: The key's randomart image is:
[   12.985284] cloud-init[1016]: +--[ED25519 256]--+
[   12.985408] cloud-init[1016]: |  ... ...  o.E   |
[   12.985614] cloud-init[1016]: |  o+  .o  o      |
[   12.985831] cloud-init[1016]: | .=.o+. ..       |
[   12.986057] cloud-init[1016]: | +.==+o=.        |
[   12.986284] cloud-init[1016]: |  ===oO.S        |
[   12.986516] cloud-init[1016]: |. oooB.o         |
[   12.986739] cloud-init[1016]: |.* .ooo .        |
[   12.986967] cloud-init[1016]: |= o o+ .         |
[   12.987200] cloud-init[1016]: |.. o..o          |
[   12.987421] cloud-init[1016]: +----[SHA256]-----+
[0;32m  OK  [0m] Reached target System Initialization.
[[0;32m  OK  [0m] Started Discard unused blocks once a week.
[[0;32m  OK  [0m] Listening on ACPID Listen Socket.
[[0;32m  OK  [0m] Listening on UUID daemon activation socket.
[[0;32m  OK  [0m] Listening on Open-iSCSI iscsid Socket.
[[0;32m  OK  [0m] Listening on cloud-init hotplug hook socket.
[[0;32m  OK  [0m] Started Ubuntu Advantage Timer for running repeated jobs.
[[0;32m  OK  [0m] Started Daily Cleanup of Temporary Directories.
[[0;32m  OK  [0m] Started Message of the Day.
[[0;32m  OK  [0m] Listening on D-Bus System Message Bus Socket.
         Starting LXD - unix socket.
[[0;32m  OK  [0m] Started Daily apt download activities.
[[0;32m  OK  [0m] Started Daily apt upgrade and clean activities.
[[0;32m  OK  [0m] Reached target Timers.
         Starting Socket activation for snappy daemon.
[[0;32m  OK  [0m] Started ACPI Events Check.
[[0;32m  OK  [0m] Reached target Paths.
[[0;32m  OK  [0m] Reached target Network is Online.
         Starting Availability of block devices...
[[0;32m  OK  [0m] Reached target Remote File Systems (Pre).
[[0;32m  OK  [0m] Reached target Remote File Systems.
[[0;32m  OK  [0m] Reached target Cloud-config availability.
[[0;32m  OK  [0m] Listening on LXD - unix socket.
[[0;32m  OK  [0m] Listening on Socket activation for snappy daemon.
[[0;32m  OK  [0m] Started Availability of block devices.
[[0;32m  OK  [0m] Reached target Sockets.
[[0;32m  OK  [0m] Reached target Basic System.
[[0;32m  OK  [0m] Reached target Login Prompts (Pre).
[[0;32m  OK  [0m] Started FUSE filesystem for LXC.
         Starting LSB: Record successful boot for GRUB...
[[0;32m  OK  [0m] Started Deferred execution scheduler.
         Starting Virtualbox guest utils...
         Starting Dispatcher daemon for systemd-networkd...
         Starting Permit User Sessions...
         Starting LSB: automatic crash report generation...
         Starting LXD - container startup/shutdown...
         Starting Accounts Service...
         Starting Login Service...
[[0;32m  OK  [0m] Started Regular background program processing daemon.
[[0;32m  OK  [0m] Started D-Bus System Message Bus.
         Starting Pollinate to seed the pseudo random number generator...
         Starting Snap Daemon...
         Starting System Logging Service...
[[0;32m  OK  [0m] Started irqbalance daemon.
[[0;32m  OK  [0m] Started Permit User Sessions.
[[0;32m  OK  [0m] Started System Logging Service.
[[0;32m  OK  [0m] Started Login Service.
         Starting Authorization Manager...
[[0;32m  OK  [0m] Started Unattended Upgrades Shutdown.
         Starting Hostname Service...
         Starting Hold until boot process finishes up...
         Starting Terminate Plymouth Boot Screen...
[[0;32m  OK  [0m] Started Hold until boot process finishes up.
         Starting Set console scheme...
[[0;32m  OK  [0m] Started Serial Getty on ttyS0.
[[0;32m  OK  [0m] Started Terminate Plymouth Boot Screen.
[[0;32m  OK  [0m] Started LSB: automatic crash report generation.
[[0;32m  OK  [0m] Started LXD - container startup/shutdown.
[[0;32m  OK  [0m] Started Set console scheme.
[[0;32m  OK  [0m] Created slice system-getty.slice.
[[0;32m  OK  [0m] Started Getty on tty1.
[[0;32m  OK  [0m] Reached target Login Prompts.
[[0;32m  OK  [0m] Started LSB: Record successful boot for GRUB.
[[0;32m  OK  [0m] Started Authorization Manager.
[[0;32m  OK  [0m] Started Accounts Service.
[[0;32m  OK  [0m] Started Dispatcher daemon for systemd-networkd.
[[0;32m  OK  [0m] Started Virtualbox guest utils.
[[0;32m  OK  [0m] Started Hostname Service.
[[0;32m  OK  [0m] Started Snap Daemon.
         Starting Wait until snapd is fully seeded...
[[0;32m  OK  [0m] Started Pollinate to seed the pseudo random number generator.
         Starting OpenBSD Secure Shell server...
[[0;32m  OK  [0m] Started OpenBSD Secure Shell server.
[[0;32m  OK  [0m] Created slice User Slice of vagrant.
         Starting User Manager for UID 1000...
[[0;32m  OK  [0m] Started Session 1 of user vagrant.
[[0;32m  OK  [0m] Started User Manager for UID 1000.
         Starting Time & Date Service...
[[0;32m  OK  [0m] Started Time & Date Service.
[[0;32m  OK  [0m] Started Wait until snapd is fully seeded.
         Starting Apply the settings specified in cloud-config...
[   15.240749] cloud-init[1734]: Cloud-init v. 23.1.2-0ubuntu0~18.04.1 running 'modules:config' at Sun, 01 Jun 2025 05:03:54 +0000. Up 15.03 seconds.
[[0;32m  OK  [0m] Started Apply the settings specified in cloud-config.
[[0;32m  OK  [0m] Reached target Multi-User System.
         Starting Execute cloud user/final scripts...
[[0;32m  OK  [0m] Reached target Graphical Interface.
         Starting Update UTMP about System Runlevel Changes...
[[0;32m  OK  [0m] Started Update UTMP about System Runlevel Changes.
ci-info: no authorized SSH keys fingerprints found for user ubuntu.
<14>Jun  1 05:03:54 cloud-init: #############################################################
<14>Jun  1 05:03:54 cloud-init: -----BEGIN SSH HOST KEY FINGERPRINTS-----
<14>Jun  1 05:03:54 cloud-init: 1024 SHA256:sLhFMB610rqDNVcHpwlbqk2+vo2AeAEXSpL2BNaSCDM root@ubuntu-bionic (DSA)
<14>Jun  1 05:03:54 cloud-init: 256 SHA256:0gzm3waGtxuo78kOIFZ9hnyvhMGmE9limw3PwsiqqtQ root@ubuntu-bionic (ECDSA)
<14>Jun  1 05:03:54 cloud-init: 256 SHA256:jvK0akmo6fSAVlXJa6yWyaU0wJ44D+0lFI7/gU3zVVY root@ubuntu-bionic (ED25519)
<14>Jun  1 05:03:54 cloud-init: 2048 SHA256:CgOVmGFaZV28BZr4W24gn+1HmffHjgU4qPCc8LhwY+I root@ubuntu-bionic (RSA)
<14>Jun  1 05:03:54 cloud-init: -----END SSH HOST KEY FINGERPRINTS-----
<14>Jun  1 05:03:54 cloud-init: #############################################################
-----BEGIN SSH HOST KEY KEYS-----
ecdsa-sha2-nistp256 AAAAE2VjZHNhLXNoYTItbmlzdHAyNTYAAAAIbmlzdHAyNTYAAABBBHCg0lJ62Jx2c6TXaKneCnNp3QCdDlnZOv/t9u3c9EJwZrYfAF4RgkT6fRoYrCxN6uB26pE8uyOpazqsmVI9kv0= root@ubuntu-bionic
ssh-ed25519 AAAAC3NzaC1lZDI1NTE5AAAAIM3cAlmm4xpGDQN6Z3c/h9faKN5OSzZriSU8siaFp35W root@ubuntu-bionic
ssh-rsa AAAAB3NzaC1yc2EAAAADAQABAAABAQCjc0ddn7Wi1Ky9Yk2rdSH8xa07xLQGMaFfHEgSu/T9KVBxppBsr19kmxTE5D4WXt6Jv8uXSYeO/EOHVMZKa4jeah3JuxJtIdnT6mcgjKQJFaOnFRni5wLmS6OYje8Ke1x0C5UVqcTjbEnQo/8wh/uHHrrSa1DVP9LrTNe5f6b+v6TdYGzLgfquBtUnITa0EhoQibQascrM5o7NwVZq1rYMK25OPP5MEubK9mSvoaLcf5HE1iszO0dRmMrWkhiNkzbyI8g+XDRXM841qb7CSpr2df5/nsHoDbheFAyVLKBGU899lajf9ZeDtW1fZ/bTagpVoQNfu9VUwefP9yNvxG2L root@ubuntu-bionic
-----END SSH HOST KEY KEYS-----
[   15.605510] cloud-init[1822]: Cloud-init v. 23.1.2-0ubuntu0~18.04.1 running 'modules:final' at Sun, 01 Jun 2025 05:03:54 +0000. Up 15.50 seconds.
[   15.606243] cloud-init[1822]: Cloud-init v. 23.1.2-0ubuntu0~18.04.1 finished at Sun, 01 Jun 2025 05:03:54 +0000. Datasource DataSourceNoCloud [seed=/dev/sdb][dsmode=net].  Up 15.60 seconds
[[0;32m  OK  [0m] Started Execute cloud user/final scripts.
[[0;32m  OK  [0m] Reached target Cloud-init target.

Ubuntu 18.04.6 LTS ubuntu-bionic ttyS0

ubuntu-bionic login: 